Archive member included to satisfy reference by file (symbol)

E:/00_programs/STM32CubeIDE_1.18.1/STM32CubeIDE/plugins/com.st.stm32cube.ide.mcu.externaltools.gnu-tools-for-stm32.13.3.rel1.win32_1.0.0.202411081344/tools/bin/../lib/gcc/arm-none-eabi/13.3.1/../../../../arm-none-eabi/lib/thumb/v6-m/nofp\libc_nano.a(libc_a-atoi.o)
                              ./Core/Src/settings.o (atoi)
E:/00_programs/STM32CubeIDE_1.18.1/STM32CubeIDE/plugins/com.st.stm32cube.ide.mcu.externaltools.gnu-tools-for-stm32.13.3.rel1.win32_1.0.0.202411081344/tools/bin/../lib/gcc/arm-none-eabi/13.3.1/../../../../arm-none-eabi/lib/thumb/v6-m/nofp\libc_nano.a(libc_a-exit.o)
                              E:/00_programs/STM32CubeIDE_1.18.1/STM32CubeIDE/plugins/com.st.stm32cube.ide.mcu.externaltools.gnu-tools-for-stm32.13.3.rel1.win32_1.0.0.202411081344/tools/bin/../lib/gcc/arm-none-eabi/13.3.1/../../../../arm-none-eabi/lib/thumb/v6-m/nofp/crt0.o (exit)
E:/00_programs/STM32CubeIDE_1.18.1/STM32CubeIDE/plugins/com.st.stm32cube.ide.mcu.externaltools.gnu-tools-for-stm32.13.3.rel1.win32_1.0.0.202411081344/tools/bin/../lib/gcc/arm-none-eabi/13.3.1/../../../../arm-none-eabi/lib/thumb/v6-m/nofp\libc_nano.a(libc_a-strtol.o)
                              E:/00_programs/STM32CubeIDE_1.18.1/STM32CubeIDE/plugins/com.st.stm32cube.ide.mcu.externaltools.gnu-tools-for-stm32.13.3.rel1.win32_1.0.0.202411081344/tools/bin/../lib/gcc/arm-none-eabi/13.3.1/../../../../arm-none-eabi/lib/thumb/v6-m/nofp\libc_nano.a(libc_a-atoi.o) (_strtol_r)
E:/00_programs/STM32CubeIDE_1.18.1/STM32CubeIDE/plugins/com.st.stm32cube.ide.mcu.externaltools.gnu-tools-for-stm32.13.3.rel1.win32_1.0.0.202411081344/tools/bin/../lib/gcc/arm-none-eabi/13.3.1/../../../../arm-none-eabi/lib/thumb/v6-m/nofp\libc_nano.a(libc_a-ctype_.o)
                              E:/00_programs/STM32CubeIDE_1.18.1/STM32CubeIDE/plugins/com.st.stm32cube.ide.mcu.externaltools.gnu-tools-for-stm32.13.3.rel1.win32_1.0.0.202411081344/tools/bin/../lib/gcc/arm-none-eabi/13.3.1/../../../../arm-none-eabi/lib/thumb/v6-m/nofp\libc_nano.a(libc_a-strtol.o) (_ctype_)
E:/00_programs/STM32CubeIDE_1.18.1/STM32CubeIDE/plugins/com.st.stm32cube.ide.mcu.externaltools.gnu-tools-for-stm32.13.3.rel1.win32_1.0.0.202411081344/tools/bin/../lib/gcc/arm-none-eabi/13.3.1/../../../../arm-none-eabi/lib/thumb/v6-m/nofp\libc_nano.a(libc_a-findfp.o)
                              E:/00_programs/STM32CubeIDE_1.18.1/STM32CubeIDE/plugins/com.st.stm32cube.ide.mcu.externaltools.gnu-tools-for-stm32.13.3.rel1.win32_1.0.0.202411081344/tools/bin/../lib/gcc/arm-none-eabi/13.3.1/../../../../arm-none-eabi/lib/thumb/v6-m/nofp\libc_nano.a(libc_a-exit.o) (__stdio_exit_handler)
E:/00_programs/STM32CubeIDE_1.18.1/STM32CubeIDE/plugins/com.st.stm32cube.ide.mcu.externaltools.gnu-tools-for-stm32.13.3.rel1.win32_1.0.0.202411081344/tools/bin/../lib/gcc/arm-none-eabi/13.3.1/../../../../arm-none-eabi/lib/thumb/v6-m/nofp\libc_nano.a(libc_a-fwalk.o)
                              E:/00_programs/STM32CubeIDE_1.18.1/STM32CubeIDE/plugins/com.st.stm32cube.ide.mcu.externaltools.gnu-tools-for-stm32.13.3.rel1.win32_1.0.0.202411081344/tools/bin/../lib/gcc/arm-none-eabi/13.3.1/../../../../arm-none-eabi/lib/thumb/v6-m/nofp\libc_nano.a(libc_a-findfp.o) (_fwalk_sglue)
E:/00_programs/STM32CubeIDE_1.18.1/STM32CubeIDE/plugins/com.st.stm32cube.ide.mcu.externaltools.gnu-tools-for-stm32.13.3.rel1.win32_1.0.0.202411081344/tools/bin/../lib/gcc/arm-none-eabi/13.3.1/../../../../arm-none-eabi/lib/thumb/v6-m/nofp\libc_nano.a(libc_a-sprintf.o)
                              ./Core/Src/settings.o (sprintf)
E:/00_programs/STM32CubeIDE_1.18.1/STM32CubeIDE/plugins/com.st.stm32cube.ide.mcu.externaltools.gnu-tools-for-stm32.13.3.rel1.win32_1.0.0.202411081344/tools/bin/../lib/gcc/arm-none-eabi/13.3.1/../../../../arm-none-eabi/lib/thumb/v6-m/nofp\libc_nano.a(libc_a-stdio.o)
                              E:/00_programs/STM32CubeIDE_1.18.1/STM32CubeIDE/plugins/com.st.stm32cube.ide.mcu.externaltools.gnu-tools-for-stm32.13.3.rel1.win32_1.0.0.202411081344/tools/bin/../lib/gcc/arm-none-eabi/13.3.1/../../../../arm-none-eabi/lib/thumb/v6-m/nofp\libc_nano.a(libc_a-findfp.o) (__sread)
E:/00_programs/STM32CubeIDE_1.18.1/STM32CubeIDE/plugins/com.st.stm32cube.ide.mcu.externaltools.gnu-tools-for-stm32.13.3.rel1.win32_1.0.0.202411081344/tools/bin/../lib/gcc/arm-none-eabi/13.3.1/../../../../arm-none-eabi/lib/thumb/v6-m/nofp\libc_nano.a(libc_a-memset.o)
                              E:/00_programs/STM32CubeIDE_1.18.1/STM32CubeIDE/plugins/com.st.stm32cube.ide.mcu.externaltools.gnu-tools-for-stm32.13.3.rel1.win32_1.0.0.202411081344/tools/bin/../lib/gcc/arm-none-eabi/13.3.1/../../../../arm-none-eabi/lib/thumb/v6-m/nofp/crt0.o (memset)
E:/00_programs/STM32CubeIDE_1.18.1/STM32CubeIDE/plugins/com.st.stm32cube.ide.mcu.externaltools.gnu-tools-for-stm32.13.3.rel1.win32_1.0.0.202411081344/tools/bin/../lib/gcc/arm-none-eabi/13.3.1/../../../../arm-none-eabi/lib/thumb/v6-m/nofp\libc_nano.a(libc_a-strtok.o)
[...]
Memory Configuration

Name             Origin             Length             Attributes
RAM              0x20000000         0x00004000         xrw
FLASH            0x08000000         0x00020000         xr
*default*        0x00000000         0xffffffff

Linker script and memory map

LOAD E:/00_programs/STM32CubeIDE_1.18.1/STM32CubeIDE/plugins/com.st.stm32cube.ide.mcu.externaltools.gnu-tools-for-stm32.13.3.rel1.win32_1.0.0.202411081344/tools/bin/../lib/gcc/arm-none-eabi/13.3.1/thumb/v6-m/nofp/crti.o
LOAD E:/00_programs/STM32CubeIDE_1.18.1/STM32CubeIDE/plugins/com.st.stm32cube.ide.mcu.externaltools.gnu-tools-for-stm32.13.3.rel1.win32_1.0.0.202411081344/tools/bin/../lib/gcc/arm-none-eabi/13.3.1/thumb/v6-m/nofp/crtbegin.o
LOAD E:/00_programs/STM32CubeIDE_1.18.1/STM32CubeIDE/plugins/com.st.stm32cube.ide.mcu.externaltools.gnu-tools-for-stm32.13.3.rel1.win32_1.0.0.202411081344/tools/bin/../lib/gcc/arm-none-eabi/13.3.1/../../../../arm-none-eabi/lib/thumb/v6-m/nofp/crt0.o
LOAD ./Core/Src/DMAadc.o
LOAD ./Core/Src/DMApwm.o
LOAD ./Core/Src/battery.o
LOAD ./Core/Src/main.o
LOAD ./Core/Src/motor.o
LOAD ./Core/Src/reciever.o
LOAD ./Core/Src/servo.o
LOAD ./Core/Src/settings.o
LOAD ./Core/Src/stm32f0xx_hal_msp.o
LOAD ./Core/Src/stm32f0xx_it.o
LOAD ./Core/Src/syscalls.o
LOAD ./Core/Src/sysmem.o
LOAD ./Core/Src/system_stm32f0xx.o
LOAD ./Core/Startup/startup_stm32f070cbtx.o
LOAD ./Drivers/STM32F0xx_HAL_Driver/Src/stm32f0xx_hal.o
LOAD ./Drivers/STM32F0xx_HAL_Driver/Src/stm32f0xx_hal_adc.o
LOAD ./Drivers/STM32F0xx_HAL_Driver/Src/stm32f0xx_hal_adc_ex.o
LOAD ./Drivers/STM32F0xx_HAL_Driver/Src/stm32f0xx_hal_cortex.o
LOAD ./Drivers/STM32F0xx_HAL_Driver/Src/stm32f0xx_hal_dma.o
LOAD ./Drivers/STM32F0xx_HAL_Driver/Src/stm32f0xx_hal_exti.o
LOAD ./Drivers/STM32F0xx_HAL_Driver/Src/stm32f0xx_hal_flash.o
LOAD ./Drivers/STM32F0xx_HAL_Driver/Src/stm32f0xx_hal_flash_ex.o
LOAD ./Drivers/STM32F0xx_HAL_Driver/Src/stm32f0xx_hal_gpio.o
LOAD ./Drivers/STM32F0xx_HAL_Driver/Src/stm32f0xx_hal_i2c.o
LOAD ./Drivers/STM32F0xx_HAL_Driver/Src/stm32f0xx_hal_i2c_ex.o
LOAD ./Drivers/STM32F0xx_HAL_Driver/Src/stm32f0xx_hal_pcd.o
LOAD ./Drivers/STM32F0xx_HAL_Driver/Src/stm32f0xx_hal_pcd_ex.o
LOAD ./Drivers/STM32F0xx_HAL_Driver/Src/stm32f0xx_hal_pwr.o
LOAD ./Drivers/STM32F0xx_HAL_Driver/Src/stm32f0xx_hal_pwr_ex.o
LOAD ./Drivers/STM32F0xx_HAL_Driver/Src/stm32f0xx_hal_rcc.o
LOAD ./Drivers/STM32F0xx_HAL_Driver/Src/stm32f0xx_hal_rcc_ex.o
LOAD ./Drivers/STM32F0xx_HAL_Driver/Src/stm32f0xx_hal_tim.o
LOAD ./Drivers/STM32F0xx_HAL_Driver/Src/stm32f0xx_hal_tim_ex.o
LOAD ./Drivers/STM32F0xx_HAL_Driver/Src/stm32f0xx_ll_usb.o
LOAD ./Middlewares/ST/STM32_USB_Device_Library/Class/CDC/Src/usbd_cdc.o
LOAD ./Middlewares/ST/STM32_USB_Device_Library/Core/Src/usbd_core.o
LOAD ./Middlewares/ST/STM32_USB_Device_Library/Core/Src/usbd_ctlreq.o
LOAD ./Middlewares/ST/STM32_USB_Device_Library/Core/Src/usbd_ioreq.o
LOAD ./USB_DEVICE/App/usb_device.o
LOAD ./USB_DEVICE/App/usbd_cdc_if.o
LOAD ./USB_DEVICE/App/usbd_desc.o
LOAD ./USB_DEVICE/Target/usbd_conf.o
START GROUP
LOAD E:/00_programs/STM32CubeIDE_1.18.1/STM32CubeIDE/plugins/com.st.stm32cube.ide.mcu.externaltools.gnu-tools-for-stm32.13.3.rel1.win32_1.0.0.202411081344/tools/bin/../lib/gcc/arm-none-eabi/13.3.1/../../../../arm-none-eabi/lib/thumb/v6-m/nofp\libc_nano.a
LOAD E:/00_programs/STM32CubeIDE_1.18.1/STM32CubeIDE/plugins/com.st.stm32cube.ide.mcu.externaltools.gnu-tools-for-stm32.13.3.rel1.win32_1.0.0.202411081344/tools/bin/../lib/gcc/arm-none-eabi/13.3.1/../../../../arm-none-eabi/lib/thumb/v6-m/nofp\libm.a
END GROUP
START GROUP
LOAD E:/00_programs/STM32CubeIDE_1.18.1/STM32CubeIDE/plugins/com.st.stm32cube.ide.mcu.externaltools.gnu-tools-for-stm32.13.3.rel1.win32_1.0.0.202411081344/tools/bin/../lib/gcc/arm-none-eabi/13.3.1/thumb/v6-m/nofp\libgcc.a
LOAD E:/00_programs/STM32CubeIDE_1.18.1/STM32CubeIDE/plugins/com.st.stm32cube.ide.mcu.externaltools.gnu-tools-for-stm32.13.3.rel1.win32_1.0.0.202411081344/tools/bin/../lib/gcc/arm-none-eabi/13.3.1/../../../../arm-none-eabi/lib/thumb/v6-m/nofp\libc_nano.a
END GROUP
START GROUP
LOAD E:/00_programs/STM32CubeIDE_1.18.1/STM32CubeIDE/plugins/com.st.stm32cube.ide.mcu.externaltools.gnu-tools-for-stm32.13.3.rel1.win32_1.0.0.202411081344/tools/bin/../lib/gcc/arm-none-eabi/13.3.1/thumb/v6-m/nofp\libgcc.a
LOAD E:/00_programs/STM32CubeIDE_1.18.1/STM32CubeIDE/plugins/com.st.stm32cube.ide.mcu.externaltools.gnu-tools-for-stm32.13.3.rel1.win32_1.0.0.202411081344/tools/bin/../lib/gcc/arm-none-eabi/13.3.1/../../../../arm-none-eabi/lib/thumb/v6-m/nofp\libc_nano.a
LOAD E:/00_programs/STM32CubeIDE_1.18.1/STM32CubeIDE/plugins/com.st.stm32cube.ide.mcu.externaltools.gnu-tools-for-stm32.13.3.rel1.win32_1.0.0.202411081344/tools/bin/../lib/gcc/arm-none-eabi/13.3.1/../../../../arm-none-eabi/lib/thumb/v6-m/nofp\libnosys.a
END GROUP
START GROUP
LOAD E:/00_programs/STM32CubeIDE_1.18.1/STM32CubeIDE/plugins/com.st.stm32cube.ide.mcu.externaltools.gnu-tools-for-stm32.13.3.rel1.win32_1.0.0.202411081344/tools/bin/../lib/gcc/arm-none-eabi/13.3.1/thumb/v6-m/nofp\libgcc.a
LOAD E:/00_programs/STM32CubeIDE_1.18.1/STM32CubeIDE/plugins/com.st.stm32cube.ide.mcu.externaltools.gnu-tools-for-stm32.13.3.rel1.win32_1.0.0.202411081344/tools/bin/../lib/gcc/arm-none-eabi/13.3.1/../../../../arm-none-eabi/lib/thumb/v6-m/nofp\libc_nano.a
LOAD E:/00_programs/STM32CubeIDE_1.18.1/STM32CubeIDE/plugins/com.st.stm32cube.ide.mcu.externaltools.gnu-tools-for-stm32.13.3.rel1.win32_1.0.0.202411081344/tools/bin/../lib/gcc/arm-none-eabi/13.3.1/../../../../arm-none-eabi/lib/thumb/v6-m/nofp\libnosys.a
END GROUP
LOAD E:/00_programs/STM32CubeIDE_1.18.1/STM32CubeIDE/plugins/com.st.stm32cube.ide.mcu.externaltools.gnu-tools-for-stm32.13.3.rel1.win32_1.0.0.202411081344/tools/bin/../lib/gcc/arm-none-eabi/13.3.1/thumb/v6-m/nofp/crtend.o
LOAD E:/00_programs/STM32CubeIDE_1.18.1/STM32CubeIDE/plugins/com.st.stm32cube.ide.mcu.externaltools.gnu-tools-for-stm32.13.3.rel1.win32_1.0.0.202411081344/tools/bin/../lib/gcc/arm-none-eabi/13.3.1/thumb/v6-m/nofp/crtn.o
                0x20004000                        _estack = (ORIGIN (RAM) + LENGTH (RAM))
                0x00000200                        _Min_Heap_Size = 0x200
                0x00000400                        _Min_Stack_Size = 0x400

.isr_vector     0x08000000       0xc0
                0x08000000                        . = ALIGN (0x4)
 *(.isr_vector)
 .isr_vector    0x08000000       0xc0 ./Core/Startup/startup_stm32f070cbtx.o
                0x08000000                g_pfnVectors
                0x080000c0                        . = ALIGN (0x4)

.text           0x080000c0     0x8760
                0x080000c0                        . = ALIGN (0x4)
 *(.text)
 .text          0x080000c0       0x48 E:/00_programs/STM32CubeIDE_1.18.1/STM32CubeIDE/plugins/com.st.stm32cube.ide.mcu.externaltools.gnu-tools-for-stm32.13.3.rel1.win32_1.0.0.202411081344/tools/bin/../lib/gcc/arm-none-eabi/13.3.1/thumb/v6-m/nofp/crtbegin.o
 .text          0x08000108       0x14 E:/00_programs/STM32CubeIDE_1.18.1/STM32CubeIDE/plugins/com.st.stm32cube.ide.mcu.externaltools.gnu-tools-for-stm32.13.3.rel1.win32_1.0.0.202411081344/tools/bin/../lib/gcc/arm-none-eabi/13.3.1/../../../../arm-none-eabi/lib/thumb/v6-m/nofp\libc_nano.a(libc_a-strcmp.o)
                0x08000108                strcmp
 .text          0x0800011c        0xe E:/00_programs/STM32CubeIDE_1.18.1/STM32CubeIDE/plugins/com.st.stm32cube.ide.mcu.externaltools.gnu-tools-for-stm32.13.3.rel1.win32_1.0.0.202411081344/tools/bin/../lib/gcc/arm-none-eabi/13.3.1/../../../../arm-none-eabi/lib/thumb/v6-m/nofp\libc_nano.a(libc_a-strlen.o)
                0x0800011c                strlen
 *fill*         0x0800012a        0x2 
 .text          0x0800012c       0x14 E:/00_programs/STM32CubeIDE_1.18.1/STM32CubeIDE/plugins/com.st.stm32cube.ide.mcu.externaltools.gnu-tools-for-stm32.13.3.rel1.win32_1.0.0.202411081344/tools/bin/../lib/gcc/arm-none-eabi/13.3.1/thumb/v6-m/nofp\libgcc.a(_thumb1_case_sqi.o)
                0x0800012c                __gnu_thumb1_case_sqi
 .text          0x08000140       0x14 E:/00_programs/STM32CubeIDE_1.18.1/STM32CubeIDE/plugins/com.st.stm32cube.ide.mcu.externaltools.gnu-tools-for-stm32.13.3.rel1.win32_1.0.0.202411081344/tools/bin/../lib/gcc/arm-none-eabi/13.3.1/thumb/v6-m/nofp\libgcc.a(_thumb1_case_uqi.o)
                0x08000140                __gnu_thumb1_case_uqi
 .text          0x08000154       0x14 E:/00_programs/STM32CubeIDE_1.18.1/STM32CubeIDE/plugins/com.st.stm32cube.ide.mcu.externaltools.gnu-tools-for-stm32.13.3.rel1.win32_1.0.0.202411081344/tools/bin/../lib/gcc/arm-none-eabi/13.3.1/thumb/v6-m/nofp\libgcc.a(_thumb1_case_shi.o)
                0x08000154                __gnu_thumb1_case_shi
 .text          0x08000168      0x114 E:/00_programs/STM32CubeIDE_1.18.1/STM32CubeIDE/plugins/com.st.stm32cube.ide.mcu.externaltools.gnu-tools-for-stm32.13.3.rel1.win32_1.0.0.202411081344/tools/bin/../lib/gcc/arm-none-eabi/13.3.1/thumb/v6-m/nofp\libgcc.a(_udivsi3.o)
                0x08000168                __aeabi_uidiv
                0x08000168                __udivsi3
                0x08000274                __aeabi_uidivmod
 .text          0x0800027c      0x1d4 E:/00_programs/STM32CubeIDE_1.18.1/STM32CubeIDE/plugins/com.st.stm32cube.ide.mcu.externaltools.gnu-tools-for-stm32.13.3.rel1.win32_1.0.0.202411081344/tools/bin/../lib/gcc/arm-none-eabi/13.3.1/thumb/v6-m/nofp\libgcc.a(_divsi3.o)
                0x0800027c                __divsi3
                0x0800027c                __aeabi_idiv
                0x08000448                __aeabi_idivmod
 .text          0x08000450        0x4 E:/00_programs/STM32CubeIDE_1.18.1/STM32CubeIDE/plugins/com.st.stm32cube.ide.mcu.externaltools.gnu-tools-for-stm32.13.3.rel1.win32_1.0.0.202411081344/tools/bin/../lib/gcc/arm-none-eabi/13.3.1/thumb/v6-m/nofp\libgcc.a(_dvmd_tls.o)
                0x08000450                __aeabi_idiv0
                0x08000450                __aeabi_ldiv0
 .text          0x08000454      0x3e4 E:/00_programs/STM32CubeIDE_1.18.1/STM32CubeIDE/plugins/com.st.stm32cube.ide.mcu.externaltools.gnu-tools-for-stm32.13.3.rel1.win32_1.0.0.202411081344/tools/bin/../lib/gcc/arm-none-eabi/13.3.1/thumb/v6-m/nofp\libgcc.a(addsf3.o)
                0x08000454                __aeabi_fadd
 .text          0x08000838      0x2b4 E:/00_programs/STM32CubeIDE_1.18.1/STM32CubeIDE/plugins/com.st.stm32cube.ide.mcu.externaltools.gnu-tools-for-stm32.13.3.rel1.win32_1.0.0.202411081344/tools/bin/../lib/gcc/arm-none-eabi/13.3.1/thumb/v6-m/nofp\libgcc.a(mulsf3.o)
                0x08000838                __aeabi_fmul
 .text          0x08000aec      0x4c8 E:/00_programs/STM32CubeIDE_1.18.1/STM32CubeIDE/plugins/com.st.stm32cube.ide.mcu.externaltools.gnu-tools-for-stm32.13.3.rel1.win32_1.0.0.202411081344/tools/bin/../lib/gcc/arm-none-eabi/13.3.1/thumb/v6-m/nofp\libgcc.a(subsf3.o)
                0x08000aec                __aeabi_fsub
 .text          0x08000fb4       0x40 E:/00_programs/STM32CubeIDE_1.18.1/STM32CubeIDE/plugins/com.st.stm32cube.ide.mcu.externaltools.gnu-tools-for-stm32.13.3.rel1.win32_1.0.0.202411081344/tools/bin/../lib/gcc/arm-none-eabi/13.3.1/thumb/v6-m/nofp\libgcc.a(fixsfsi.o)
                0x08000fb4                __aeabi_f2iz
 .text          0x08000ff4       0xa0 E:/00_programs/STM32CubeIDE_1.18.1/STM32CubeIDE/plugins/com.st.stm32cube.ide.mcu.externaltools.gnu-tools-for-stm32.13.3.rel1.win32_1.0.0.202411081344/tools/bin/../lib/gcc/arm-none-eabi/13.3.1/thumb/v6-m/nofp\libgcc.a(floatsisf.o)
                0x08000ff4                __aeabi_i2f
 .text          0x08001094       0x3c E:/00_programs/STM32CubeIDE_1.18.1/STM32CubeIDE/plugins/com.st.stm32cube.ide.mcu.externaltools.gnu-tools-for-stm32.13.3.rel1.win32_1.0.0.202411081344/tools/bin/../lib/gcc/arm-none-eabi/13.3.1/thumb/v6-m/nofp\libgcc.a(_clzsi2.o)
                0x08001094                __clzsi2
 *(.text*)
 .text.initDMAadc
                0x080010d0       0x24 ./Core/Src/DMAadc.o
                0x080010d0                initDMAadc
 .text.DMAadcUpdate
                0x080010f4       0x18 ./Core/Src/DMAadc.o
                0x080010f4                DMAadcUpdate
 .text.DMAadcGetch
                0x0800110c        0xc ./Core/Src/DMAadc.o
                0x0800110c                DMAadcGetch
 .text.HAL_ADC_ConvCpltCallback
                0x08001118       0x28 ./Core/Src/DMAadc.o
                0x08001118                HAL_ADC_ConvCpltCallback
 .text.setSoftPWM
                0x08001140       0x2c ./Core/Src/DMApwm.o
                0x08001140                setSoftPWM
 .text.setDMApwmDuty
                0x0800116c       0x34 ./Core/Src/DMApwm.o
                0x0800116c                setDMApwmDuty
 .text.zeroSoftPWM
                0x080011a0        0xe ./Core/Src/DMApwm.o
                0x080011a0                zeroSoftPWM
 *fill*         0x080011ae        0x2 
 .text.initDMApwm
                0x080011b0       0x88 ./Core/Src/DMApwm.o
                0x080011b0                initDMApwm
 .text.getBattVoltage
                0x08001238       0x20 ./Core/Src/battery.o
                0x08001238                getBattVoltage
 .text.getBatteryConfiguration
                0x08001258       0x34 ./Core/Src/battery.o
                0x08001258                getBatteryConfiguration
 .text.SystemClock_Config
                0x0800128c       0x8c ./Core/Src/main.o
                0x0800128c                SystemClock_Config
 .text.startup.main
                0x08001318      0x7dc ./Core/Src/main.o
                0x08001318                main
 .text.map      0x08001af4       0x1c ./Core/Src/main.o
                0x08001af4                map
 .text.Error_Handler
                0x08001b10        0x4 ./Core/Src/main.o
                0x08001b10                Error_Handler
 .text.initMotors
                0x08001b14        0x8 ./Core/Src/motor.o
                0x08001b14                initMotors
 .text.getMotorRev
                0x08001b1c       0x2c ./Core/Src/motor.o
                0x08001b1c                getMotorRev
 .text.setDriverSignals
                0x08001b48       0x6c ./Core/Src/motor.o
                0x08001b48                setDriverSignals
 .text.setDriverBrake
                0x08001bb4       0x2e ./Core/Src/motor.o
                0x08001bb4                setDriverBrake
 *fill*         0x08001be2        0x2 
 .text.motSeekPot
                0x08001be4      0x144 ./Core/Src/motor.o
                0x08001be4                motSeekPot
 .text.calculateSpeedWithDeadZoneDouble
                0x08001d28       0x20 ./Core/Src/motor.o
                0x08001d28                calculateSpeedWithDeadZoneDouble
 .text.setMotorSpeedBidirectional
                0x08001d48       0x58 ./Core/Src/motor.o
                0x08001d48                setMotorSpeedBidirectional
 .text.setTankMotor
                0x08001da0       0x28 ./Core/Src/motor.o
                0x08001da0                setTankMotor
 .text.disableMotor
                0x08001dc8       0x30 ./Core/Src/motor.o
                0x08001dc8                disableMotor
 .text.enableMotor
                0x08001df8       0x30 ./Core/Src/motor.o
                0x08001df8                enableMotor
 .text.makeSound
                0x08001e28       0x7c ./Core/Src/motor.o
                0x08001e28                makeSound
 .text.getChannelValuePercentage
                0x08001ea4       0x40 ./Core/Src/reciever.o
                0x08001ea4                getChannelValuePercentage
 .text.initReciever
                0x08001ee4        0x8 ./Core/Src/reciever.o
                0x08001ee4                initReciever
 .text.HAL_GPIO_EXTI_Callback
                0x08001eec      0x158 ./Core/Src/reciever.o
                0x08001eec                HAL_GPIO_EXTI_Callback
 .text.tankMix  0x08002044       0x54 ./Core/Src/reciever.o
                0x08002044                tankMix
 .text.getServoRev
                0x08002098       0x20 ./Core/Src/servo.o
                0x08002098                getServoRev
 .text.setServoAngle
                0x080020b8       0x78 ./Core/Src/servo.o
                0x080020b8                setServoAngle
 .text.setServoIsEnable
                0x08002130       0x18 ./Core/Src/servo.o
                0x08002130                setServoIsEnable
 .text.remove_all_chars
                0x08002148       0x1c ./Core/Src/settings.o
                0x08002148                remove_all_chars
 .text.decodeCommand
                0x08002164       0x70 ./Core/Src/settings.o
                0x08002164                decodeCommand
 .text.serialPrintString
                0x080021d4       0x12 ./Core/Src/settings.o
                0x080021d4                serialPrintString
 *fill*         0x080021e6        0x2 
 .text.read_byte_eeprom
                0x080021e8       0x2c ./Core/Src/settings.o
                0x080021e8                read_byte_eeprom
 .text.readSettingsFromEeprom
                0x08002214      0x12c ./Core/Src/settings.o
                0x08002214                readSettingsFromEeprom
 .text.loadSettingsFromEeprom
                0x08002340        0x8 ./Core/Src/settings.o
                0x08002340                loadSettingsFromEeprom
 .text.write_byte_eeprom
                0x08002348       0x30 ./Core/Src/settings.o
                0x08002348                write_byte_eeprom
 .text.storeSettingsToEeprom
                0x08002378      0x128 ./Core/Src/settings.o
                0x08002378                storeSettingsToEeprom
 .text.serialPrintStatus
                0x080024a0       0xd0 ./Core/Src/settings.o
                0x080024a0                serialPrintStatus
 .text.serialPrintSettings
                0x08002570      0x174 ./Core/Src/settings.o
                0x08002570                serialPrintSettings
 .text.modifySettingsWithCommand
                0x080026e4      0x400 ./Core/Src/settings.o
                0x080026e4                modifySettingsWithCommand
 .text.HAL_MspInit
                0x08002ae4       0x30 ./Core/Src/stm32f0xx_hal_msp.o
                0x08002ae4                HAL_MspInit
 .text.HAL_ADC_MspInit
                0x08002b14       0x98 ./Core/Src/stm32f0xx_hal_msp.o
                0x08002b14                HAL_ADC_MspInit
 .text.HAL_I2C_MspInit
                0x08002bac       0x6c ./Core/Src/stm32f0xx_hal_msp.o
                0x08002bac                HAL_I2C_MspInit
 .text.HAL_TIM_Base_MspInit
                0x08002c18      0x124 ./Core/Src/stm32f0xx_hal_msp.o
                0x08002c18                HAL_TIM_Base_MspInit
 .text.HAL_TIM_MspPostInit
                0x08002d3c       0x74 ./Core/Src/stm32f0xx_hal_msp.o
                0x08002d3c                HAL_TIM_MspPostInit
 .text.NMI_Handler
                0x08002db0        0x2 ./Core/Src/stm32f0xx_it.o
                0x08002db0                NMI_Handler
 .text.HardFault_Handler
                0x08002db2        0x2 ./Core/Src/stm32f0xx_it.o
                0x08002db2                HardFault_Handler
 .text.SVC_Handler
                0x08002db4        0x2 ./Core/Src/stm32f0xx_it.o
                0x08002db4                SVC_Handler
 .text.PendSV_Handler
                0x08002db6        0x2 ./Core/Src/stm32f0xx_it.o
                0x08002db6                PendSV_Handler
 .text.SysTick_Handler
                0x08002db8        0x8 ./Core/Src/stm32f0xx_it.o
                0x08002db8                SysTick_Handler
 .text.EXTI0_1_IRQHandler
                0x08002dc0       0x10 ./Core/Src/stm32f0xx_it.o
                0x08002dc0                EXTI0_1_IRQHandler
 .text.EXTI2_3_IRQHandler
                0x08002dd0       0x10 ./Core/Src/stm32f0xx_it.o
                0x08002dd0                EXTI2_3_IRQHandler
 .text.DMA1_Channel1_IRQHandler
                0x08002de0       0x10 ./Core/Src/stm32f0xx_it.o
                0x08002de0                DMA1_Channel1_IRQHandler
 .text.DMA1_Channel2_3_IRQHandler
                0x08002df0       0x10 ./Core/Src/stm32f0xx_it.o
                0x08002df0                DMA1_Channel2_3_IRQHandler
 .text.DMA1_Channel4_5_IRQHandler
                0x08002e00       0x10 ./Core/Src/stm32f0xx_it.o
                0x08002e00                DMA1_Channel4_5_IRQHandler
 .text.USB_IRQHandler
                0x08002e10       0x10 ./Core/Src/stm32f0xx_it.o
                0x08002e10                USB_IRQHandler
 .text._getpid  0x08002e20        0x4 ./Core/Src/syscalls.o
                0x08002e20                _getpid
 .text._kill    0x08002e24       0x10 ./Core/Src/syscalls.o
                0x08002e24                _kill
 .text._exit    0x08002e34        0xc ./Core/Src/syscalls.o
                0x08002e34                _exit
 .text._read    0x08002e40       0x1a ./Core/Src/syscalls.o
                0x08002e40                _read
 .text._write   0x08002e5a       0x1a ./Core/Src/syscalls.o
                0x08002e5a                _write
 .text._close   0x08002e74        0x6 ./Core/Src/syscalls.o
                0x08002e74                _close
 .text._fstat   0x08002e7a        0xa ./Core/Src/syscalls.o
                0x08002e7a                _fstat
 .text._isatty  0x08002e84        0x4 ./Core/Src/syscalls.o
                0x08002e84                _isatty
 .text._lseek   0x08002e88        0x4 ./Core/Src/syscalls.o
                0x08002e88                _lseek
 .text._sbrk    0x08002e8c       0x40 ./Core/Src/sysmem.o
                0x08002e8c                _sbrk
 .text.SystemInit
                0x08002ecc        0x2 ./Core/Src/system_stm32f0xx.o
                0x08002ecc                SystemInit
 *fill*         0x08002ece        0x2 
 .text.Reset_Handler
                0x08002ed0       0x50 ./Core/Startup/startup_stm32f070cbtx.o
                0x08002ed0                Reset_Handler
 .text.Default_Handler
                0x08002f20        0x2 ./Core/Startup/startup_stm32f070cbtx.o
                0x08002f20                TIM1_CC_IRQHandler
                0x08002f20                TIM6_IRQHandler
                0x08002f20                I2C1_IRQHandler
                0x08002f20                SPI1_IRQHandler
                0x08002f20                USART3_4_IRQHandler
                0x08002f20                ADC1_IRQHandler
                0x08002f20                I2C2_IRQHandler
                0x08002f20                TIM17_IRQHandler
                0x08002f20                RTC_IRQHandler
                0x08002f20                TIM16_IRQHandler
                0x08002f20                TIM3_IRQHandler
                0x08002f20                EXTI4_15_IRQHandler
                0x08002f20                RCC_IRQHandler
                0x08002f20                Default_Handler
                0x08002f20                TIM14_IRQHandler
                0x08002f20                TIM7_IRQHandler
                0x08002f20                TIM15_IRQHandler
                0x08002f20                SPI2_IRQHandler
                0x08002f20                WWDG_IRQHandler
                0x08002f20                USART2_IRQHandler
                0x08002f20                FLASH_IRQHandler
                0x08002f20                USART1_IRQHandler
                0x08002f20                TIM1_BRK_UP_TRG_COM_IRQHandler
 *fill*         0x08002f22        0x2 
 .text.HAL_InitTick
                0x08002f24       0x48 ./Drivers/STM32F0xx_HAL_Driver/Src/stm32f0xx_hal.o
                0x08002f24                HAL_InitTick
 .text.HAL_Init
                0x08002f6c       0x20 ./Drivers/STM32F0xx_HAL_Driver/Src/stm32f0xx_hal.o
                0x08002f6c                HAL_Init
 .text.HAL_IncTick
                0x08002f8c       0x18 ./Drivers/STM32F0xx_HAL_Driver/Src/stm32f0xx_hal.o
                0x08002f8c                HAL_IncTick
 .text.HAL_GetTick
                0x08002fa4        0xc ./Drivers/STM32F0xx_HAL_Driver/Src/stm32f0xx_hal.o
                0x08002fa4                HAL_GetTick
 .text.HAL_Delay
                0x08002fb0       0x24 ./Drivers/STM32F0xx_HAL_Driver/Src/stm32f0xx_hal.o
                0x08002fb0                HAL_Delay
 .text.ADC_Enable.constprop.0
                0x08002fd4       0xa0 ./Drivers/STM32F0xx_HAL_Driver/Src/stm32f0xx_hal_adc.o
 .text.HAL_ADC_Init
                0x08003074      0x144 ./Drivers/STM32F0xx_HAL_Driver/Src/stm32f0xx_hal_adc.o
                0x08003074                HAL_ADC_Init
 .text.HAL_ADC_Start_DMA
                0x080031b8       0x94 ./Drivers/STM32F0xx_HAL_Driver/Src/stm32f0xx_hal_adc.o
                0x080031b8                HAL_ADC_Start_DMA
 .text.ADC_DMAConvCplt
                0x0800324c       0x70 ./Drivers/STM32F0xx_HAL_Driver/Src/stm32f0xx_hal_adc.o
 .text.HAL_ADC_ConvHalfCpltCallback
                0x080032bc        0x2 ./Drivers/STM32F0xx_HAL_Driver/Src/stm32f0xx_hal_adc.o
                0x080032bc                HAL_ADC_ConvHalfCpltCallback
 .text.ADC_DMAHalfConvCplt
                0x080032be        0xa ./Drivers/STM32F0xx_HAL_Driver/Src/stm32f0xx_hal_adc.o
 .text.HAL_ADC_ErrorCallback
                0x080032c8        0x2 ./Drivers/STM32F0xx_HAL_Driver/Src/stm32f0xx_hal_adc.o
                0x080032c8                HAL_ADC_ErrorCallback
 .text.ADC_DMAError
                0x080032ca       0x1a ./Drivers/STM32F0xx_HAL_Driver/Src/stm32f0xx_hal_adc.o
 .text.HAL_ADC_ConfigChannel
                0x080032e4       0xec ./Drivers/STM32F0xx_HAL_Driver/Src/stm32f0xx_hal_adc.o
                0x080032e4                HAL_ADC_ConfigChannel
 .text.HAL_ADCEx_Calibration_Start
                0x080033d0       0xb0 ./Drivers/STM32F0xx_HAL_Driver/Src/stm32f0xx_hal_adc_ex.o
                0x080033d0                HAL_ADCEx_Calibration_Start
 .text.HAL_NVIC_SetPriority
                0x08003480       0x54 ./Drivers/STM32F0xx_HAL_Driver/Src/stm32f0xx_hal_cortex.o
                0x08003480                HAL_NVIC_SetPriority
 .text.HAL_NVIC_EnableIRQ
                0x080034d4       0x18 ./Drivers/STM32F0xx_HAL_Driver/Src/stm32f0xx_hal_cortex.o
                0x080034d4                HAL_NVIC_EnableIRQ
 .text.HAL_SYSTICK_Config
                0x080034ec       0x34 ./Drivers/STM32F0xx_HAL_Driver/Src/stm32f0xx_hal_cortex.o
                0x080034ec                HAL_SYSTICK_Config
 .text.HAL_DMA_Init
                0x08003520       0x64 ./Drivers/STM32F0xx_HAL_Driver/Src/stm32f0xx_hal_dma.o
                0x08003520                HAL_DMA_Init
 .text.HAL_DMA_Start
                0x08003584       0x5c ./Drivers/STM32F0xx_HAL_Driver/Src/stm32f0xx_hal_dma.o
                0x08003584                HAL_DMA_Start
 .text.HAL_DMA_Start_IT
                0x080035e0       0x78 ./Drivers/STM32F0xx_HAL_Driver/Src/stm32f0xx_hal_dma.o
                0x080035e0                HAL_DMA_Start_IT
 .text.HAL_DMA_IRQHandler
                0x08003658       0x92 ./Drivers/STM32F0xx_HAL_Driver/Src/stm32f0xx_hal_dma.o
                0x08003658                HAL_DMA_IRQHandler
 *fill*         0x080036ea        0x2 
 .text.HAL_GPIO_Init
                0x080036ec      0x170 ./Drivers/STM32F0xx_HAL_Driver/Src/stm32f0xx_hal_gpio.o
                0x080036ec                HAL_GPIO_Init
 .text.HAL_GPIO_ReadPin
                0x0800385c        0xc ./Drivers/STM32F0xx_HAL_Driver/Src/stm32f0xx_hal_gpio.o
                0x0800385c                HAL_GPIO_ReadPin
 .text.HAL_GPIO_WritePin
                0x08003868        0xc ./Drivers/STM32F0xx_HAL_Driver/Src/stm32f0xx_hal_gpio.o
                0x08003868                HAL_GPIO_WritePin
 .text.HAL_GPIO_TogglePin
                0x08003874       0x10 ./Drivers/STM32F0xx_HAL_Driver/Src/stm32f0xx_hal_gpio.o
                0x08003874                HAL_GPIO_TogglePin
 .text.HAL_GPIO_EXTI_IRQHandler
                0x08003884       0x18 ./Drivers/STM32F0xx_HAL_Driver/Src/stm32f0xx_hal_gpio.o
                0x08003884                HAL_GPIO_EXTI_IRQHandler
 .text.I2C_Flush_TXDR
                0x0800389c       0x1c ./Drivers/STM32F0xx_HAL_Driver/Src/stm32f0xx_hal_i2c.o
 .text.I2C_TransferConfig
                0x080038b8       0x2c ./Drivers/STM32F0xx_HAL_Driver/Src/stm32f0xx_hal_i2c.o
 .text.I2C_IsErrorOccurred
                0x080038e4       0xfc ./Drivers/STM32F0xx_HAL_Driver/Src/stm32f0xx_hal_i2c.o
 .text.I2C_WaitOnTXISFlagUntilTimeout
                0x080039e0       0x5c ./Drivers/STM32F0xx_HAL_Driver/Src/stm32f0xx_hal_i2c.o
 .text.I2C_WaitOnFlagUntilTimeout
                0x08003a3c       0x6e ./Drivers/STM32F0xx_HAL_Driver/Src/stm32f0xx_hal_i2c.o
 .text.I2C_WaitOnSTOPFlagUntilTimeout
                0x08003aaa       0x54 ./Drivers/STM32F0xx_HAL_Driver/Src/stm32f0xx_hal_i2c.o
 *fill*         0x08003afe        0x2 
 .text.HAL_I2C_Init
                0x08003b00       0xbc ./Drivers/STM32F0xx_HAL_Driver/Src/stm32f0xx_hal_i2c.o
                0x08003b00                HAL_I2C_Init
 .text.HAL_I2C_Mem_Write
                0x08003bbc      0x1b4 ./Drivers/STM32F0xx_HAL_Driver/Src/stm32f0xx_hal_i2c.o
                0x08003bbc                HAL_I2C_Mem_Write
 .text.HAL_I2C_Mem_Read
                0x08003d70      0x1bc ./Drivers/STM32F0xx_HAL_Driver/Src/stm32f0xx_hal_i2c.o
                0x08003d70                HAL_I2C_Mem_Read
 .text.HAL_I2CEx_ConfigAnalogFilter
                0x08003f2c       0x4c ./Drivers/STM32F0xx_HAL_Driver/Src/stm32f0xx_hal_i2c_ex.o
                0x08003f2c                HAL_I2CEx_ConfigAnalogFilter
 .text.HAL_I2CEx_ConfigDigitalFilter
                0x08003f78       0x48 ./Drivers/STM32F0xx_HAL_Driver/Src/stm32f0xx_hal_i2c_ex.o
                0x08003f78                HAL_I2CEx_ConfigDigitalFilter
 .text.HAL_PCD_Init
                0x08003fc0       0x98 ./Drivers/STM32F0xx_HAL_Driver/Src/stm32f0xx_hal_pcd.o
                0x08003fc0                HAL_PCD_Init
 .text.HAL_PCD_Start
                0x08004058       0x26 ./Drivers/STM32F0xx_HAL_Driver/Src/stm32f0xx_hal_pcd.o
                0x08004058                HAL_PCD_Start
 .text.HAL_PCD_SetAddress
                0x0800407e       0x22 ./Drivers/STM32F0xx_HAL_Driver/Src/stm32f0xx_hal_pcd.o
                0x0800407e                HAL_PCD_SetAddress
 .text.HAL_PCD_IRQHandler
                0x080040a0      0x9cc ./Drivers/STM32F0xx_HAL_Driver/Src/stm32f0xx_hal_pcd.o
                0x080040a0                HAL_PCD_IRQHandler
 .text.HAL_PCD_EP_Open
                0x08004a6c       0x58 ./Drivers/STM32F0xx_HAL_Driver/Src/stm32f0xx_hal_pcd.o
                0x08004a6c                HAL_PCD_EP_Open
 .text.HAL_PCD_EP_Close
                0x08004ac4       0x4c ./Drivers/STM32F0xx_HAL_Driver/Src/stm32f0xx_hal_pcd.o
                0x08004ac4                HAL_PCD_EP_Close
 .text.HAL_PCD_EP_Receive
                0x08004b10       0x36 ./Drivers/STM32F0xx_HAL_Driver/Src/stm32f0xx_hal_pcd.o
                0x08004b10                HAL_PCD_EP_Receive
 .text.HAL_PCD_EP_GetRxCount
                0x08004b46       0x10 ./Drivers/STM32F0xx_HAL_Driver/Src/stm32f0xx_hal_pcd.o
                0x08004b46                HAL_PCD_EP_GetRxCount
 .text.HAL_PCD_EP_Transmit
                0x08004b56       0x30 ./Drivers/STM32F0xx_HAL_Driver/Src/stm32f0xx_hal_pcd.o
                0x08004b56                HAL_PCD_EP_Transmit
 .text.HAL_PCD_EP_SetStall
                0x08004b86       0x5c ./Drivers/STM32F0xx_HAL_Driver/Src/stm32f0xx_hal_pcd.o
                0x08004b86                HAL_PCD_EP_SetStall
 .text.HAL_PCD_EP_ClrStall
                0x08004be2       0x5c ./Drivers/STM32F0xx_HAL_Driver/Src/stm32f0xx_hal_pcd.o
                0x08004be2                HAL_PCD_EP_ClrStall
 .text.HAL_PCDEx_PMAConfig
                0x08004c3e       0x30 ./Drivers/STM32F0xx_HAL_Driver/Src/stm32f0xx_hal_pcd_ex.o
                0x08004c3e                HAL_PCDEx_PMAConfig
 .text.HAL_PCDEx_ActivateLPM
                0x08004c6e       0x28 ./Drivers/STM32F0xx_HAL_Driver/Src/stm32f0xx_hal_pcd_ex.o
                0x08004c6e                HAL_PCDEx_ActivateLPM
 .text.HAL_PCDEx_LPM_Callback
                0x08004c96        0x2 ./Drivers/STM32F0xx_HAL_Driver/Src/stm32f0xx_hal_pcd_ex.o
                0x08004c96                HAL_PCDEx_LPM_Callback
 .text.HAL_RCC_OscConfig
                0x08004c98      0x410 ./Drivers/STM32F0xx_HAL_Driver/Src/stm32f0xx_hal_rcc.o
                0x08004c98                HAL_RCC_OscConfig
 .text.HAL_RCC_GetSysClockFreq
                0x080050a8       0x40 ./Drivers/STM32F0xx_HAL_Driver/Src/stm32f0xx_hal_rcc.o
                0x080050a8                HAL_RCC_GetSysClockFreq
 .text.HAL_RCC_ClockConfig
                0x080050e8      0x108 ./Drivers/STM32F0xx_HAL_Driver/Src/stm32f0xx_hal_rcc.o
                0x080050e8                HAL_RCC_ClockConfig
 .text.HAL_RCCEx_PeriphCLKConfig
                0x080051f0      0x120 ./Drivers/STM32F0xx_HAL_Driver/Src/stm32f0xx_hal_rcc_ex.o
                0x080051f0                HAL_RCCEx_PeriphCLKConfig
 .text.TIM_OC1_SetConfig
                0x08005310       0x70 ./Drivers/STM32F0xx_HAL_Driver/Src/stm32f0xx_hal_tim.o
 .text.TIM_OC3_SetConfig
                0x08005380       0x88 ./Drivers/STM32F0xx_HAL_Driver/Src/stm32f0xx_hal_tim.o
 .text.TIM_OC4_SetConfig
                0x08005408       0x74 ./Drivers/STM32F0xx_HAL_Driver/Src/stm32f0xx_hal_tim.o
 .text.HAL_TIM_Base_Start
                0x0800547c       0x50 ./Drivers/STM32F0xx_HAL_Driver/Src/stm32f0xx_hal_tim.o
                0x0800547c                HAL_TIM_Base_Start
 .text.HAL_TIM_PWM_MspInit
                0x080054cc        0x2 ./Drivers/STM32F0xx_HAL_Driver/Src/stm32f0xx_hal_tim.o
                0x080054cc                HAL_TIM_PWM_MspInit
 *fill*         0x080054ce        0x2 
 .text.TIM_Base_SetConfig
                0x080054d0       0x98 ./Drivers/STM32F0xx_HAL_Driver/Src/stm32f0xx_hal_tim.o
                0x080054d0                TIM_Base_SetConfig
 .text.HAL_TIM_Base_Init
                0x08005568       0x50 ./Drivers/STM32F0xx_HAL_Driver/Src/stm32f0xx_hal_tim.o
                0x08005568                HAL_TIM_Base_Init
 .text.HAL_TIM_PWM_Init
                0x080055b8       0x50 ./Drivers/STM32F0xx_HAL_Driver/Src/stm32f0xx_hal_tim.o
                0x080055b8                HAL_TIM_PWM_Init
 .text.TIM_OC2_SetConfig
                0x08005608       0x80 ./Drivers/STM32F0xx_HAL_Driver/Src/stm32f0xx_hal_tim.o
                0x08005608                TIM_OC2_SetConfig
 .text.HAL_TIM_PWM_ConfigChannel
                0x08005688       0xc0 ./Drivers/STM32F0xx_HAL_Driver/Src/stm32f0xx_hal_tim.o
                0x08005688                HAL_TIM_PWM_ConfigChannel
 .text.TIM_ETR_SetConfig
                0x08005748       0x18 ./Drivers/STM32F0xx_HAL_Driver/Src/stm32f0xx_hal_tim.o
                0x08005748                TIM_ETR_SetConfig
 .text.HAL_TIM_ConfigClockSource
                0x08005760      0x12c ./Drivers/STM32F0xx_HAL_Driver/Src/stm32f0xx_hal_tim.o
                0x08005760                HAL_TIM_ConfigClockSource
 .text.TIM_CCxNChannelCmd
                0x0800588c       0x1a ./Drivers/STM32F0xx_HAL_Driver/Src/stm32f0xx_hal_tim_ex.o
 *fill*         0x080058a6        0x2 
 .text.HAL_TIMEx_OCN_Start
                0x080058a8       0x78 ./Drivers/STM32F0xx_HAL_Driver/Src/stm32f0xx_hal_tim_ex.o
                0x080058a8                HAL_TIMEx_OCN_Start
 .text.HAL_TIMEx_OCN_Stop
                0x08005920       0x6c ./Drivers/STM32F0xx_HAL_Driver/Src/stm32f0xx_hal_tim_ex.o
                0x08005920                HAL_TIMEx_OCN_Stop
 .text.HAL_TIMEx_PWMN_Start
                0x0800598c        0x8 ./Drivers/STM32F0xx_HAL_Driver/Src/stm32f0xx_hal_tim_ex.o
                0x0800598c                HAL_TIMEx_PWMN_Start
 .text.HAL_TIMEx_PWMN_Stop
                0x08005994        0x8 ./Drivers/STM32F0xx_HAL_Driver/Src/stm32f0xx_hal_tim_ex.o
                0x08005994                HAL_TIMEx_PWMN_Stop
 .text.HAL_TIMEx_MasterConfigSynchronization
                0x0800599c       0x5c ./Drivers/STM32F0xx_HAL_Driver/Src/stm32f0xx_hal_tim_ex.o
                0x0800599c                HAL_TIMEx_MasterConfigSynchronization
 .text.HAL_TIMEx_ConfigBreakDeadTime
                0x080059f8       0x64 ./Drivers/STM32F0xx_HAL_Driver/Src/stm32f0xx_hal_tim_ex.o
                0x080059f8                HAL_TIMEx_ConfigBreakDeadTime
 .text.USB_EnableGlobalInt
                0x08005a5c       0x14 ./Drivers/STM32F0xx_HAL_Driver/Src/stm32f0xx_ll_usb.o
                0x08005a5c                USB_EnableGlobalInt
 .text.USB_DisableGlobalInt
                0x08005a70       0x14 ./Drivers/STM32F0xx_HAL_Driver/Src/stm32f0xx_ll_usb.o
                0x08005a70                USB_DisableGlobalInt
 .text.USB_DevInit
                0x08005a84       0x1a ./Drivers/STM32F0xx_HAL_Driver/Src/stm32f0xx_ll_usb.o
                0x08005a84                USB_DevInit
 *fill*         0x08005a9e        0x2 
 .text.USB_ActivateEndpoint
                0x08005aa0      0x220 ./Drivers/STM32F0xx_HAL_Driver/Src/stm32f0xx_ll_usb.o
                0x08005aa0                USB_ActivateEndpoint
 .text.USB_DeactivateEndpoint
                0x08005cc0       0xf4 ./Drivers/STM32F0xx_HAL_Driver/Src/stm32f0xx_ll_usb.o
                0x08005cc0                USB_DeactivateEndpoint
 .text.USB_EPSetStall
                0x08005db4       0x44 ./Drivers/STM32F0xx_HAL_Driver/Src/stm32f0xx_ll_usb.o
                0x08005db4                USB_EPSetStall
 .text.USB_EPClearStall
                0x08005df8       0x74 ./Drivers/STM32F0xx_HAL_Driver/Src/stm32f0xx_ll_usb.o
                0x08005df8                USB_EPClearStall
 .text.USB_SetDevAddress
                0x08005e6c        0xe ./Drivers/STM32F0xx_HAL_Driver/Src/stm32f0xx_ll_usb.o
                0x08005e6c                USB_SetDevAddress
 .text.USB_DevConnect
                0x08005e7a       0x10 ./Drivers/STM32F0xx_HAL_Driver/Src/stm32f0xx_ll_usb.o
                0x08005e7a                USB_DevConnect
 .text.USB_ReadInterrupts
                0x08005e8a        0x8 ./Drivers/STM32F0xx_HAL_Driver/Src/stm32f0xx_ll_usb.o
                0x08005e8a                USB_ReadInterrupts
 .text.USB_WritePMA
                0x08005e92       0x2a ./Drivers/STM32F0xx_HAL_Driver/Src/stm32f0xx_ll_usb.o
                0x08005e92                USB_WritePMA
 .text.USB_EPStartXfer
                0x08005ebc      0x464 ./Drivers/STM32F0xx_HAL_Driver/Src/stm32f0xx_ll_usb.o
                0x08005ebc                USB_EPStartXfer
 .text.USB_ReadPMA
                0x08006320       0x36 ./Drivers/STM32F0xx_HAL_Driver/Src/stm32f0xx_ll_usb.o
                0x08006320                USB_ReadPMA
 *fill*         0x08006356        0x2 
 .text.USBD_CDC_EP0_RxReady
                0x08006358       0x34 ./Middlewares/ST/STM32_USB_Device_Library/Class/CDC/Src/usbd_cdc.o
 .text.USBD_CDC_GetFSCfgDesc
                0x0800638c        0xc ./Middlewares/ST/STM32_USB_Device_Library/Class/CDC/Src/usbd_cdc.o
 .text.USBD_CDC_GetHSCfgDesc
                0x08006398        0xc ./Middlewares/ST/STM32_USB_Device_Library/Class/CDC/Src/usbd_cdc.o
 .text.USBD_CDC_GetOtherSpeedCfgDesc
                0x080063a4        0xc ./Middlewares/ST/STM32_USB_Device_Library/Class/CDC/Src/usbd_cdc.o
 .text.USBD_CDC_GetDeviceQualifierDescriptor
                0x080063b0        0xc ./Middlewares/ST/STM32_USB_Device_Library/Class/CDC/Src/usbd_cdc.o
                0x080063b0                USBD_CDC_GetDeviceQualifierDescriptor
 .text.USBD_CDC_DataOut
                0x080063bc       0x34 ./Middlewares/ST/STM32_USB_Device_Library/Class/CDC/Src/usbd_cdc.o
 .text.USBD_CDC_DataIn
                0x080063f0       0x4c ./Middlewares/ST/STM32_USB_Device_Library/Class/CDC/Src/usbd_cdc.o
 .text.USBD_CDC_Setup
                0x0800643c       0xbc ./Middlewares/ST/STM32_USB_Device_Library/Class/CDC/Src/usbd_cdc.o
 .text.USBD_CDC_DeInit
                0x080064f8       0x46 ./Middlewares/ST/STM32_USB_Device_Library/Class/CDC/Src/usbd_cdc.o
 .text.USBD_CDC_Init
                0x0800653e       0x96 ./Middlewares/ST/STM32_USB_Device_Library/Class/CDC/Src/usbd_cdc.o
 .text.USBD_CDC_RegisterInterface
                0x080065d4       0x12 ./Middlewares/ST/STM32_USB_Device_Library/Class/CDC/Src/usbd_cdc.o
                0x080065d4                USBD_CDC_RegisterInterface
 .text.USBD_CDC_SetTxBuffer
                0x080065e6       0x16 ./Middlewares/ST/STM32_USB_Device_Library/Class/CDC/Src/usbd_cdc.o
                0x080065e6                USBD_CDC_SetTxBuffer
 .text.USBD_CDC_SetRxBuffer
                0x080065fc        0xe ./Middlewares/ST/STM32_USB_Device_Library/Class/CDC/Src/usbd_cdc.o
                0x080065fc                USBD_CDC_SetRxBuffer
 .text.USBD_CDC_TransmitPacket
                0x0800660a       0x38 ./Middlewares/ST/STM32_USB_Device_Library/Class/CDC/Src/usbd_cdc.o
                0x0800660a                USBD_CDC_TransmitPacket
 .text.USBD_CDC_ReceivePacket
                0x08006642       0x2e ./Middlewares/ST/STM32_USB_Device_Library/Class/CDC/Src/usbd_cdc.o
                0x08006642                USBD_CDC_ReceivePacket
 .text.USBD_Init
                0x08006670       0x34 ./Middlewares/ST/STM32_USB_Device_Library/Core/Src/usbd_core.o
                0x08006670                USBD_Init
 .text.USBD_RegisterClass
                0x080066a4       0x12 ./Middlewares/ST/STM32_USB_Device_Library/Core/Src/usbd_core.o
                0x080066a4                USBD_RegisterClass
 .text.USBD_Start
                0x080066b6        0xa ./Middlewares/ST/STM32_USB_Device_Library/Core/Src/usbd_core.o
                0x080066b6                USBD_Start
 .text.USBD_SetClassConfig
                0x080066c0       0x1c ./Middlewares/ST/STM32_USB_Device_Library/Core/Src/usbd_core.o
                0x080066c0                USBD_SetClassConfig
 .text.USBD_ClrClassConfig
                0x080066dc       0x10 ./Middlewares/ST/STM32_USB_Device_Library/Core/Src/usbd_core.o
                0x080066dc                USBD_ClrClassConfig
 .text.USBD_LL_SetupStage
                0x080066ec       0x64 ./Middlewares/ST/STM32_USB_Device_Library/Core/Src/usbd_core.o
                0x080066ec                USBD_LL_SetupStage
 .text.USBD_LL_DataOutStage
                0x08006750       0x86 ./Middlewares/ST/STM32_USB_Device_Library/Core/Src/usbd_core.o
                0x08006750                USBD_LL_DataOutStage
 .text.USBD_LL_DataInStage
                0x080067d6       0xc8 ./Middlewares/ST/STM32_USB_Device_Library/Core/Src/usbd_core.o
                0x080067d6                USBD_LL_DataInStage
 .text.USBD_LL_Reset
                0x0800689e       0x54 ./Middlewares/ST/STM32_USB_Device_Library/Core/Src/usbd_core.o
                0x0800689e                USBD_LL_Reset
 .text.USBD_LL_SetSpeed
                0x080068f2        0x6 ./Middlewares/ST/STM32_USB_Device_Library/Core/Src/usbd_core.o
                0x080068f2                USBD_LL_SetSpeed
 .text.USBD_LL_Suspend
                0x080068f8       0x18 ./Middlewares/ST/STM32_USB_Device_Library/Core/Src/usbd_core.o
                0x080068f8                USBD_LL_Suspend
 .text.USBD_LL_Resume
                0x08006910       0x18 ./Middlewares/ST/STM32_USB_Device_Library/Core/Src/usbd_core.o
                0x08006910                USBD_LL_Resume
 .text.USBD_LL_SOF
                0x08006928       0x1e ./Middlewares/ST/STM32_USB_Device_Library/Core/Src/usbd_core.o
                0x08006928                USBD_LL_SOF
 .text.USBD_CtlError.constprop.0
                0x08006946       0x14 ./Middlewares/ST/STM32_USB_Device_Library/Core/Src/usbd_ctlreq.o
 *fill*         0x0800695a        0x2 
 .text.USBD_StdDevReq
                0x0800695c      0x280 ./Middlewares/ST/STM32_USB_Device_Library/Core/Src/usbd_ctlreq.o
                0x0800695c                USBD_StdDevReq
 .text.USBD_StdItfReq
                0x08006bdc       0x50 ./Middlewares/ST/STM32_USB_Device_Library/Core/Src/usbd_ctlreq.o
                0x08006bdc                USBD_StdItfReq
 .text.USBD_StdEPReq
                0x08006c2c      0x128 ./Middlewares/ST/STM32_USB_Device_Library/Core/Src/usbd_ctlreq.o
                0x08006c2c                USBD_StdEPReq
 .text.USBD_ParseSetupRequest
                0x08006d54       0x28 ./Middlewares/ST/STM32_USB_Device_Library/Core/Src/usbd_ctlreq.o
                0x08006d54                USBD_ParseSetupRequest
 .text.USBD_CtlError
                0x08006d7c       0x14 ./Middlewares/ST/STM32_USB_Device_Library/Core/Src/usbd_ctlreq.o
                0x08006d7c                USBD_CtlError
 .text.USBD_GetString
                0x08006d90       0x3a ./Middlewares/ST/STM32_USB_Device_Library/Core/Src/usbd_ctlreq.o
                0x08006d90                USBD_GetString
 .text.USBD_CtlSendData
                0x08006dca       0x1c ./Middlewares/ST/STM32_USB_Device_Library/Core/Src/usbd_ioreq.o
                0x08006dca                USBD_CtlSendData
 .text.USBD_CtlContinueSendData
                0x08006de6       0x10 ./Middlewares/ST/STM32_USB_Device_Library/Core/Src/usbd_ioreq.o
                0x08006de6                USBD_CtlContinueSendData
 .text.USBD_CtlPrepareRx
                0x08006df6       0x20 ./Middlewares/ST/STM32_USB_Device_Library/Core/Src/usbd_ioreq.o
                0x08006df6                USBD_CtlPrepareRx
 .text.USBD_CtlContinueRx
                0x08006e16       0x10 ./Middlewares/ST/STM32_USB_Device_Library/Core/Src/usbd_ioreq.o
                0x08006e16                USBD_CtlContinueRx
 .text.USBD_CtlSendStatus
                0x08006e26       0x18 ./Middlewares/ST/STM32_USB_Device_Library/Core/Src/usbd_ioreq.o
                0x08006e26                USBD_CtlSendStatus
 .text.USBD_CtlReceiveStatus
                0x08006e3e       0x18 ./Middlewares/ST/STM32_USB_Device_Library/Core/Src/usbd_ioreq.o
                0x08006e3e                USBD_CtlReceiveStatus
 *fill*         0x08006e56        0x2 
 .text.MX_USB_DEVICE_Init
                0x08006e58       0x58 ./USB_DEVICE/App/usb_device.o
                0x08006e58                MX_USB_DEVICE_Init
 .text.CDC_DeInit_FS
                0x08006eb0        0x4 ./USB_DEVICE/App/usbd_cdc_if.o
 .text.CDC_Control_FS
                0x08006eb4        0x4 ./USB_DEVICE/App/usbd_cdc_if.o
 .text.CDC_Receive_FS
                0x08006eb8       0x50 ./USB_DEVICE/App/usbd_cdc_if.o
 .text.CDC_Init_FS
                0x08006f08       0x28 ./USB_DEVICE/App/usbd_cdc_if.o
 .text.CDC_Transmit_FS
                0x08006f30       0x2c ./USB_DEVICE/App/usbd_cdc_if.o
                0x08006f30                CDC_Transmit_FS
 .text.USBD_FS_DeviceDescriptor
                0x08006f5c        0xc ./USB_DEVICE/App/usbd_desc.o
                0x08006f5c                USBD_FS_DeviceDescriptor
 .text.USBD_FS_LangIDStrDescriptor
                0x08006f68        0xc ./USB_DEVICE/App/usbd_desc.o
                0x08006f68                USBD_FS_LangIDStrDescriptor
 .text.IntToUnicode
                0x08006f74       0x24 ./USB_DEVICE/App/usbd_desc.o
 .text.USBD_FS_SerialStrDescriptor
                0x08006f98       0x48 ./USB_DEVICE/App/usbd_desc.o
                0x08006f98                USBD_FS_SerialStrDescriptor
 .text.USBD_FS_ManufacturerStrDescriptor
                0x08006fe0       0x1c ./USB_DEVICE/App/usbd_desc.o
                0x08006fe0                USBD_FS_ManufacturerStrDescriptor
 .text.USBD_FS_ProductStrDescriptor
                0x08006ffc       0x1c ./USB_DEVICE/App/usbd_desc.o
                0x08006ffc                USBD_FS_ProductStrDescriptor
 .text.USBD_FS_ConfigStrDescriptor
                0x08007018       0x1c ./USB_DEVICE/App/usbd_desc.o
                0x08007018                USBD_FS_ConfigStrDescriptor
 .text.USBD_FS_InterfaceStrDescriptor
                0x08007034       0x1c ./USB_DEVICE/App/usbd_desc.o
                0x08007034                USBD_FS_InterfaceStrDescriptor
 .text.USBD_Get_USB_Status
                0x08007050        0xe ./USB_DEVICE/Target/usbd_conf.o
 *fill*         0x0800705e        0x2 
 .text.HAL_PCD_MspInit
                0x08007060       0x38 ./USB_DEVICE/Target/usbd_conf.o
                0x08007060                HAL_PCD_MspInit
 .text.HAL_PCD_SetupStageCallback
                0x08007098       0x12 ./USB_DEVICE/Target/usbd_conf.o
                0x08007098                HAL_PCD_SetupStageCallback
 .text.HAL_PCD_DataOutStageCallback
                0x080070aa       0x18 ./USB_DEVICE/Target/usbd_conf.o
                0x080070aa                HAL_PCD_DataOutStageCallback
 .text.HAL_PCD_DataInStageCallback
                0x080070c2       0x16 ./USB_DEVICE/Target/usbd_conf.o
                0x080070c2                HAL_PCD_DataInStageCallback
 .text.HAL_PCD_SOFCallback
                0x080070d8        0xe ./USB_DEVICE/Target/usbd_conf.o
                0x080070d8                HAL_PCD_SOFCallback
 .text.HAL_PCD_ResetCallback
                0x080070e6       0x22 ./USB_DEVICE/Target/usbd_conf.o
                0x080070e6                HAL_PCD_ResetCallback
 .text.HAL_PCD_SuspendCallback
                0x08007108       0x24 ./USB_DEVICE/Target/usbd_conf.o
                0x08007108                HAL_PCD_SuspendCallback
 .text.HAL_PCD_ResumeCallback
                0x0800712c       0x28 ./USB_DEVICE/Target/usbd_conf.o
                0x0800712c                HAL_PCD_ResumeCallback
 .text.USBD_LL_Init
                0x08007154       0x80 ./USB_DEVICE/Target/usbd_conf.o
                0x08007154                USBD_LL_Init
 .text.USBD_LL_Start
                0x080071d4       0x12 ./USB_DEVICE/Target/usbd_conf.o
                0x080071d4                USBD_LL_Start
 .text.USBD_LL_OpenEP
                0x080071e6       0x18 ./USB_DEVICE/Target/usbd_conf.o
                0x080071e6                USBD_LL_OpenEP
 .text.USBD_LL_CloseEP
                0x080071fe       0x12 ./USB_DEVICE/Target/usbd_conf.o
                0x080071fe                USBD_LL_CloseEP
 .text.USBD_LL_StallEP
                0x08007210       0x12 ./USB_DEVICE/Target/usbd_conf.o
                0x08007210                USBD_LL_StallEP
 .text.USBD_LL_ClearStallEP
                0x08007222       0x12 ./USB_DEVICE/Target/usbd_conf.o
                0x08007222                USBD_LL_ClearStallEP
 .text.USBD_LL_IsStallEP
                0x08007234       0x26 ./USB_DEVICE/Target/usbd_conf.o
                0x08007234                USBD_LL_IsStallEP
 .text.USBD_LL_SetUSBAddress
                0x0800725a       0x12 ./USB_DEVICE/Target/usbd_conf.o
                0x0800725a                USBD_LL_SetUSBAddress
 .text.USBD_LL_Transmit
                0x0800726c       0x12 ./USB_DEVICE/Target/usbd_conf.o
                0x0800726c                USBD_LL_Transmit
 .text.USBD_LL_PrepareReceive
                0x0800727e       0x12 ./USB_DEVICE/Target/usbd_conf.o
                0x0800727e                USBD_LL_PrepareReceive
 .text.USBD_LL_GetRxDataSize
                0x08007290        0xe ./USB_DEVICE/Target/usbd_conf.o
                0x08007290                USBD_LL_GetRxDataSize
 *fill*         0x0800729e        0x2 
 .text.USBD_static_malloc
                0x080072a0        0x8 ./USB_DEVICE/Target/usbd_conf.o
                0x080072a0                USBD_static_malloc
 .text.USBD_static_free
                0x080072a8        0x2 ./USB_DEVICE/Target/usbd_conf.o
                0x080072a8                USBD_static_free
 .text.atoi     0x080072aa        0xc E:/00_programs/STM32CubeIDE_1.18.1/STM32CubeIDE/plugins/com.st.stm32cube.ide.mcu.externaltools.gnu-tools-for-stm32.13.3.rel1.win32_1.0.0.202411081344/tools/bin/../lib/gcc/arm-none-eabi/13.3.1/../../../../arm-none-eabi/lib/thumb/v6-m/nofp\libc_nano.a(libc_a-atoi.o)
                0x080072aa                atoi
 *fill*         0x080072b6        0x2 
 .text._strtol_l.isra.0
                0x080072b8      0x114 E:/00_programs/STM32CubeIDE_1.18.1/STM32CubeIDE/plugins/com.st.stm32cube.ide.mcu.externaltools.gnu-tools-for-stm32.13.3.rel1.win32_1.0.0.202411081344/tools/bin/../lib/gcc/arm-none-eabi/13.3.1/../../../../arm-none-eabi/lib/thumb/v6-m/nofp\libc_nano.a(libc_a-strtol.o)
 .text.strtol   0x080073cc       0x18 E:/00_programs/STM32CubeIDE_1.18.1/STM32CubeIDE/plugins/com.st.stm32cube.ide.mcu.externaltools.gnu-tools-for-stm32.13.3.rel1.win32_1.0.0.202411081344/tools/bin/../lib/gcc/arm-none-eabi/13.3.1/../../../../arm-none-eabi/lib/thumb/v6-m/nofp\libc_nano.a(libc_a-strtol.o)
                0x080073cc                strtol
 .text.std      0x080073e4       0x6c E:/00_programs/STM32CubeIDE_1.18.1/STM32CubeIDE/plugins/com.st.stm32cube.ide.mcu.externaltools.gnu-tools-for-stm32.13.3.rel1.win32_1.0.0.202411081344/tools/bin/../lib/gcc/arm-none-eabi/13.3.1/../../../../arm-none-eabi/lib/thumb/v6-m/nofp\libc_nano.a(libc_a-findfp.o)
 .text.stdio_exit_handler
                0x08007450       0x1c E:/00_programs/STM32CubeIDE_1.18.1/STM32CubeIDE/plugins/com.st.stm32cube.ide.mcu.externaltools.gnu-tools-for-stm32.13.3.rel1.win32_1.0.0.202411081344/tools/bin/../lib/gcc/arm-none-eabi/13.3.1/../../../../arm-none-eabi/lib/thumb/v6-m/nofp\libc_nano.a(libc_a-findfp.o)
 .text.cleanup_stdio
                0x0800746c       0x3c E:/00_programs/STM32CubeIDE_1.18.1/STM32CubeIDE/plugins/com.st.stm32cube.ide.mcu.externaltools.gnu-tools-for-stm32.13.3.rel1.win32_1.0.0.202411081344/tools/bin/../lib/gcc/arm-none-eabi/13.3.1/../../../../arm-none-eabi/lib/thumb/v6-m/nofp\libc_nano.a(libc_a-findfp.o)
 .text.global_stdio_init.part.0
                0x080074a8       0x3c E:/00_programs/STM32CubeIDE_1.18.1/STM32CubeIDE/plugins/com.st.stm32cube.ide.mcu.externaltools.gnu-tools-for-stm32.13.3.rel1.win32_1.0.0.202411081344/tools/bin/../lib/gcc/arm-none-eabi/13.3.1/../../../../arm-none-eabi/lib/thumb/v6-m/nofp\libc_nano.a(libc_a-findfp.o)
 .text.__sfp_lock_acquire
                0x080074e4       0x10 E:/00_programs/STM32CubeIDE_1.18.1/STM32CubeIDE/plugins/com.st.stm32cube.ide.mcu.externaltools.gnu-tools-for-stm32.13.3.rel1.win32_1.0.0.202411081344/tools/bin/../lib/gcc/arm-none-eabi/13.3.1/../../../../arm-none-eabi/lib/thumb/v6-m/nofp\libc_nano.a(libc_a-findfp.o)
                0x080074e4                __sfp_lock_acquire
 .text.__sfp_lock_release
                0x080074f4       0x10 E:/00_programs/STM32CubeIDE_1.18.1/STM32CubeIDE/plugins/com.st.stm32cube.ide.mcu.externaltools.gnu-tools-for-stm32.13.3.rel1.win32_1.0.0.202411081344/tools/bin/../lib/gcc/arm-none-eabi/13.3.1/../../../../arm-none-eabi/lib/thumb/v6-m/nofp\libc_nano.a(libc_a-findfp.o)
                0x080074f4                __sfp_lock_release
 .text.__sinit  0x08007504       0x30 E:/00_programs/STM32CubeIDE_1.18.1/STM32CubeIDE/plugins/com.st.stm32cube.ide.mcu.externaltools.gnu-tools-for-stm32.13.3.rel1.win32_1.0.0.202411081344/tools/bin/../lib/gcc/arm-none-eabi/13.3.1/../../../../arm-none-eabi/lib/thumb/v6-m/nofp\libc_nano.a(libc_a-findfp.o)
                0x08007504                __sinit
 .text._fwalk_sglue
                0x08007534       0x38 E:/00_programs/STM32CubeIDE_1.18.1/STM32CubeIDE/plugins/com.st.stm32cube.ide.mcu.externaltools.gnu-tools-for-stm32.13.3.rel1.win32_1.0.0.202411081344/tools/bin/../lib/gcc/arm-none-eabi/13.3.1/../../../../arm-none-eabi/lib/thumb/v6-m/nofp\libc_nano.a(libc_a-fwalk.o)
                0x08007534                _fwalk_sglue
 .text.sprintf  0x0800756c       0x44 E:/00_programs/STM32CubeIDE_1.18.1/STM32CubeIDE/plugins/com.st.stm32cube.ide.mcu.externaltools.gnu-tools-for-stm32.13.3.rel1.win32_1.0.0.202411081344/tools/bin/../lib/gcc/arm-none-eabi/13.3.1/../../../../arm-none-eabi/lib/thumb/v6-m/nofp\libc_nano.a(libc_a-sprintf.o)
                0x0800756c                siprintf
                0x0800756c                sprintf
 .text.__sread  0x080075b0       0x28 E:/00_programs/STM32CubeIDE_1.18.1/STM32CubeIDE/plugins/com.st.stm32cube.ide.mcu.externaltools.gnu-tools-for-stm32.13.3.rel1.win32_1.0.0.202411081344/tools/bin/../lib/gcc/arm-none-eabi/13.3.1/../../../../arm-none-eabi/lib/thumb/v6-m/nofp\libc_nano.a(libc_a-stdio.o)
                0x080075b0                __sread
 .text.__swrite
                0x080075d8       0x38 E:/00_programs/STM32CubeIDE_1.18.1/STM32CubeIDE/plugins/com.st.stm32cube.ide.mcu.externaltools.gnu-tools-for-stm32.13.3.rel1.win32_1.0.0.202411081344/tools/bin/../lib/gcc/arm-none-eabi/13.3.1/../../../../arm-none-eabi/lib/thumb/v6-m/nofp\libc_nano.a(libc_a-stdio.o)
                0x080075d8                __swrite
 .text.__sseek  0x08007610       0x2c E:/00_programs/STM32CubeIDE_1.18.1/STM32CubeIDE/plugins/com.st.stm32cube.ide.mcu.externaltools.gnu-tools-for-stm32.13.3.rel1.win32_1.0.0.202411081344/tools/bin/../lib/gcc/arm-none-eabi/13.3.1/../../../../arm-none-eabi/lib/thumb/v6-m/nofp\libc_nano.a(libc_a-stdio.o)
                0x08007610                __sseek
 .text.__sclose
                0x0800763c        0xc E:/00_programs/STM32CubeIDE_1.18.1/STM32CubeIDE/plugins/com.st.stm32cube.ide.mcu.externaltools.gnu-tools-for-stm32.13.3.rel1.win32_1.0.0.202411081344/tools/bin/../lib/gcc/arm-none-eabi/13.3.1/../../../../arm-none-eabi/lib/thumb/v6-m/nofp\libc_nano.a(libc_a-stdio.o)
                0x0800763c                __sclose
 .text.memset   0x08007648       0x10 E:/00_programs/STM32CubeIDE_1.18.1/STM32CubeIDE/plugins/com.st.stm32cube.ide.mcu.externaltools.gnu-tools-for-stm32.13.3.rel1.win32_1.0.0.202411081344/tools/bin/../lib/gcc/arm-none-eabi/13.3.1/../../../../arm-none-eabi/lib/thumb/v6-m/nofp\libc_nano.a(libc_a-memset.o)
                0x08007648                memset
 .text.strtok   0x08007658       0x68 E:/00_programs/STM32CubeIDE_1.18.1/STM32CubeIDE/plugins/com.st.stm32cube.ide.mcu.externaltools.gnu-tools-for-stm32.13.3.rel1.win32_1.0.0.202411081344/tools/bin/../lib/gcc/arm-none-eabi/13.3.1/../../../../arm-none-eabi/lib/thumb/v6-m/nofp\libc_nano.a(libc_a-strtok.o)
                0x08007658                strtok
 .text.__strtok_r
                0x080076c0       0x58 E:/00_programs/STM32CubeIDE_1.18.1/STM32CubeIDE/plugins/com.st.stm32cube.ide.mcu.externaltools.gnu-tools-for-stm32.13.3.rel1.win32_1.0.0.202411081344/tools/bin/../lib/gcc/arm-none-eabi/13.3.1/../../../../arm-none-eabi/lib/thumb/v6-m/nofp\libc_nano.a(libc_a-strtok_r.o)
                0x080076c0                __strtok_r
 .text._close_r
                0x08007718       0x24 E:/00_programs/STM32CubeIDE_1.18.1/STM32CubeIDE/plugins/com.st.stm32cube.ide.mcu.externaltools.gnu-tools-for-stm32.13.3.rel1.win32_1.0.0.202411081344/tools/bin/../lib/gcc/arm-none-eabi/13.3.1/../../../../arm-none-eabi/lib/thumb/v6-m/nofp\libc_nano.a(libc_a-closer.o)
                0x08007718                _close_r
 .text._lseek_r
                0x0800773c       0x28 E:/00_programs/STM32CubeIDE_1.18.1/STM32CubeIDE/plugins/com.st.stm32cube.ide.mcu.externaltools.gnu-tools-for-stm32.13.3.rel1.win32_1.0.0.202411081344/tools/bin/../lib/gcc/arm-none-eabi/13.3.1/../../../../arm-none-eabi/lib/thumb/v6-m/nofp\libc_nano.a(libc_a-lseekr.o)
                0x0800773c                _lseek_r
 .text._read_r  0x08007764       0x28 E:/00_programs/STM32CubeIDE_1.18.1/STM32CubeIDE/plugins/com.st.stm32cube.ide.mcu.externaltools.gnu-tools-for-stm32.13.3.rel1.win32_1.0.0.202411081344/tools/bin/../lib/gcc/arm-none-eabi/13.3.1/../../../../arm-none-eabi/lib/thumb/v6-m/nofp\libc_nano.a(libc_a-readr.o)
                0x08007764                _read_r
 .text._write_r
                0x0800778c       0x28 E:/00_programs/STM32CubeIDE_1.18.1/STM32CubeIDE/plugins/com.st.stm32cube.ide.mcu.externaltools.gnu-tools-for-stm32.13.3.rel1.win32_1.0.0.202411081344/tools/bin/../lib/gcc/arm-none-eabi/13.3.1/../../../../arm-none-eabi/lib/thumb/v6-m/nofp\libc_nano.a(libc_a-writer.o)
                0x0800778c                _write_r
 .text.__errno  0x080077b4        0xc E:/00_programs/STM32CubeIDE_1.18.1/STM32CubeIDE/plugins/com.st.stm32cube.ide.mcu.externaltools.gnu-tools-for-stm32.13.3.rel1.win32_1.0.0.202411081344/tools/bin/../lib/gcc/arm-none-eabi/13.3.1/../../../../arm-none-eabi/lib/thumb/v6-m/nofp\libc_nano.a(libc_a-errno.o)
                0x080077b4                __errno
 .text.__libc_init_array
                0x080077c0       0x48 E:/00_programs/STM32CubeIDE_1.18.1/STM32CubeIDE/plugins/com.st.stm32cube.ide.mcu.externaltools.gnu-tools-for-stm32.13.3.rel1.win32_1.0.0.202411081344/tools/bin/../lib/gcc/arm-none-eabi/13.3.1/../../../../arm-none-eabi/lib/thumb/v6-m/nofp\libc_nano.a(libc_a-init.o)
                0x080077c0                __libc_init_array
 .text.__retarget_lock_init_recursive
                0x08007808        0x2 E:/00_programs/STM32CubeIDE_1.18.1/STM32CubeIDE/plugins/com.st.stm32cube.ide.mcu.externaltools.gnu-tools-for-stm32.13.3.rel1.win32_1.0.0.202411081344/tools/bin/../lib/gcc/arm-none-eabi/13.3.1/../../../../arm-none-eabi/lib/thumb/v6-m/nofp\libc_nano.a(libc_a-lock.o)
                0x08007808                __retarget_lock_init_recursive
 .text.__retarget_lock_acquire_recursive
                0x0800780a        0x2 E:/00_programs/STM32CubeIDE_1.18.1/STM32CubeIDE/plugins/com.st.stm32cube.ide.mcu.externaltools.gnu-tools-for-stm32.13.3.rel1.win32_1.0.0.202411081344/tools/bin/../lib/gcc/arm-none-eabi/13.3.1/../../../../arm-none-eabi/lib/thumb/v6-m/nofp\libc_nano.a(libc_a-lock.o)
                0x0800780a                __retarget_lock_acquire_recursive
 .text.__retarget_lock_release_recursive
                0x0800780c        0x2 E:/00_programs/STM32CubeIDE_1.18.1/STM32CubeIDE/plugins/com.st.stm32cube.ide.mcu.externaltools.gnu-tools-for-stm32.13.3.rel1.win32_1.0.0.202411081344/tools/bin/../lib/gcc/arm-none-eabi/13.3.1/../../../../arm-none-eabi/lib/thumb/v6-m/nofp\libc_nano.a(libc_a-lock.o)
                0x0800780c                __retarget_lock_release_recursive
 .text.strcpy   0x0800780e       0x10 E:/00_programs/STM32CubeIDE_1.18.1/STM32CubeIDE/plugins/com.st.stm32cube.ide.mcu.externaltools.gnu-tools-for-stm32.13.3.rel1.win32_1.0.0.202411081344/tools/bin/../lib/gcc/arm-none-eabi/13.3.1/../../../../arm-none-eabi/lib/thumb/v6-m/nofp\libc_nano.a(libc_a-strcpy.o)
                0x0800780e                strcpy
 .text.memcpy   0x0800781e       0x12 E:/00_programs/STM32CubeIDE_1.18.1/STM32CubeIDE/plugins/com.st.stm32cube.ide.mcu.externaltools.gnu-tools-for-stm32.13.3.rel1.win32_1.0.0.202411081344/tools/bin/../lib/gcc/arm-none-eabi/13.3.1/../../../../arm-none-eabi/lib/thumb/v6-m/nofp\libc_nano.a(libc_a-memcpy-stub.o)
                0x0800781e                memcpy
 .text.__assert_func
                0x08007830       0x3c E:/00_programs/STM32CubeIDE_1.18.1/STM32CubeIDE/plugins/com.st.stm32cube.ide.mcu.externaltools.gnu-tools-for-stm32.13.3.rel1.win32_1.0.0.202411081344/tools/bin/../lib/gcc/arm-none-eabi/13.3.1/../../../../arm-none-eabi/lib/thumb/v6-m/nofp\libc_nano.a(libc_a-assert.o)
                0x08007830                __assert_func
 .text._free_r  0x0800786c       0x94 E:/00_programs/STM32CubeIDE_1.18.1/STM32CubeIDE/plugins/com.st.stm32cube.ide.mcu.externaltools.gnu-tools-for-stm32.13.3.rel1.win32_1.0.0.202411081344/tools/bin/../lib/gcc/arm-none-eabi/13.3.1/../../../../arm-none-eabi/lib/thumb/v6-m/nofp\libc_nano.a(libc_a-freer.o)
                0x0800786c                _free_r
 .text.malloc   0x08007900       0x14 E:/00_programs/STM32CubeIDE_1.18.1/STM32CubeIDE/plugins/com.st.stm32cube.ide.mcu.externaltools.gnu-tools-for-stm32.13.3.rel1.win32_1.0.0.202411081344/tools/bin/../lib/gcc/arm-none-eabi/13.3.1/../../../../arm-none-eabi/lib/thumb/v6-m/nofp\libc_nano.a(libc_a-malloc.o)
                0x08007900                malloc
 .text.sbrk_aligned
                0x08007914       0x44 E:/00_programs/STM32CubeIDE_1.18.1/STM32CubeIDE/plugins/com.st.stm32cube.ide.mcu.externaltools.gnu-tools-for-stm32.13.3.rel1.win32_1.0.0.202411081344/tools/bin/../lib/gcc/arm-none-eabi/13.3.1/../../../../arm-none-eabi/lib/thumb/v6-m/nofp\libc_nano.a(libc_a-mallocr.o)
 .text._malloc_r
                0x08007958      0x100 E:/00_programs/STM32CubeIDE_1.18.1/STM32CubeIDE/plugins/com.st.stm32cube.ide.mcu.externaltools.gnu-tools-for-stm32.13.3.rel1.win32_1.0.0.202411081344/tools/bin/../lib/gcc/arm-none-eabi/13.3.1/../../../../arm-none-eabi/lib/thumb/v6-m/nofp\libc_nano.a(libc_a-mallocr.o)
                0x08007958                _malloc_r
 .text.__malloc_lock
                0x08007a58       0x10 E:/00_programs/STM32CubeIDE_1.18.1/STM32CubeIDE/plugins/com.st.stm32cube.ide.mcu.externaltools.gnu-tools-for-stm32.13.3.rel1.win32_1.0.0.202411081344/tools/bin/../lib/gcc/arm-none-eabi/13.3.1/../../../../arm-none-eabi/lib/thumb/v6-m/nofp\libc_nano.a(libc_a-mlock.o)
                0x08007a58                __malloc_lock
 .text.__malloc_unlock
                0x08007a68       0x10 E:/00_programs/STM32CubeIDE_1.18.1/STM32CubeIDE/plugins/com.st.stm32cube.ide.mcu.externaltools.gnu-tools-for-stm32.13.3.rel1.win32_1.0.0.202411081344/tools/bin/../lib/gcc/arm-none-eabi/13.3.1/../../../../arm-none-eabi/lib/thumb/v6-m/nofp\libc_nano.a(libc_a-mlock.o)
                0x08007a68                __malloc_unlock
 .text.__ssputs_r
                0x08007a78       0xc0 E:/00_programs/STM32CubeIDE_1.18.1/STM32CubeIDE/plugins/com.st.stm32cube.ide.mcu.externaltools.gnu-tools-for-stm32.13.3.rel1.win32_1.0.0.202411081344/tools/bin/../lib/gcc/arm-none-eabi/13.3.1/../../../../arm-none-eabi/lib/thumb/v6-m/nofp\libc_nano.a(libc_a-nano-svfprintf.o)
                0x08007a78                __ssputs_r
 .text._svfprintf_r
                0x08007b38      0x1fc E:/00_programs/STM32CubeIDE_1.18.1/STM32CubeIDE/plugins/com.st.stm32cube.ide.mcu.externaltools.gnu-tools-for-stm32.13.3.rel1.win32_1.0.0.202411081344/tools/bin/../lib/gcc/arm-none-eabi/13.3.1/../../../../arm-none-eabi/lib/thumb/v6-m/nofp\libc_nano.a(libc_a-nano-svfprintf.o)
                0x08007b38                _svfiprintf_r
                0x08007b38                _svfprintf_r
 .text._printf_common
                0x08007d34       0xde E:/00_programs/STM32CubeIDE_1.18.1/STM32CubeIDE/plugins/com.st.stm32cube.ide.mcu.externaltools.gnu-tools-for-stm32.13.3.rel1.win32_1.0.0.202411081344/tools/bin/../lib/gcc/arm-none-eabi/13.3.1/../../../../arm-none-eabi/lib/thumb/v6-m/nofp\libc_nano.a(libc_a-nano-vfprintf_i.o)
                0x08007d34                _printf_common
 *fill*         0x08007e12        0x2 
 .text._printf_i
                0x08007e14      0x218 E:/00_programs/STM32CubeIDE_1.18.1/STM32CubeIDE/plugins/com.st.stm32cube.ide.mcu.externaltools.gnu-tools-for-stm32.13.3.rel1.win32_1.0.0.202411081344/tools/bin/../lib/gcc/arm-none-eabi/13.3.1/../../../../arm-none-eabi/lib/thumb/v6-m/nofp\libc_nano.a(libc_a-nano-vfprintf_i.o)
                0x08007e14                _printf_i
 .text.__sflush_r
                0x0800802c      0x10c E:/00_programs/STM32CubeIDE_1.18.1/STM32CubeIDE/plugins/com.st.stm32cube.ide.mcu.externaltools.gnu-tools-for-stm32.13.3.rel1.win32_1.0.0.202411081344/tools/bin/../lib/gcc/arm-none-eabi/13.3.1/../../../../arm-none-eabi/lib/thumb/v6-m/nofp\libc_nano.a(libc_a-fflush.o)
                0x0800802c                __sflush_r
 .text._fflush_r
                0x08008138       0x56 E:/00_programs/STM32CubeIDE_1.18.1/STM32CubeIDE/plugins/com.st.stm32cube.ide.mcu.externaltools.gnu-tools-for-stm32.13.3.rel1.win32_1.0.0.202411081344/tools/bin/../lib/gcc/arm-none-eabi/13.3.1/../../../../arm-none-eabi/lib/thumb/v6-m/nofp\libc_nano.a(libc_a-fflush.o)
                0x08008138                _fflush_r
 *fill*         0x0800818e        0x2 
 .text.fprintf  0x08008190       0x20 E:/00_programs/STM32CubeIDE_1.18.1/STM32CubeIDE/plugins/com.st.stm32cube.ide.mcu.externaltools.gnu-tools-for-stm32.13.3.rel1.win32_1.0.0.202411081344/tools/bin/../lib/gcc/arm-none-eabi/13.3.1/../../../../arm-none-eabi/lib/thumb/v6-m/nofp\libc_nano.a(libc_a-fprintf.o)
                0x08008190                fiprintf
                0x08008190                fprintf
 .text.memmove  0x080081b0       0x24 E:/00_programs/STM32CubeIDE_1.18.1/STM32CubeIDE/plugins/com.st.stm32cube.ide.mcu.externaltools.gnu-tools-for-stm32.13.3.rel1.win32_1.0.0.202411081344/tools/bin/../lib/gcc/arm-none-eabi/13.3.1/../../../../arm-none-eabi/lib/thumb/v6-m/nofp\libc_nano.a(libc_a-memmove.o)
                0x080081b0                memmove
 .text._sbrk_r  0x080081d4       0x24 E:/00_programs/STM32CubeIDE_1.18.1/STM32CubeIDE/plugins/com.st.stm32cube.ide.mcu.externaltools.gnu-tools-for-stm32.13.3.rel1.win32_1.0.0.202411081344/tools/bin/../lib/gcc/arm-none-eabi/13.3.1/../../../../arm-none-eabi/lib/thumb/v6-m/nofp\libc_nano.a(libc_a-sbrkr.o)
                0x080081d4                _sbrk_r
 .text.memchr   0x080081f8       0x16 E:/00_programs/STM32CubeIDE_1.18.1/STM32CubeIDE/plugins/com.st.stm32cube.ide.mcu.externaltools.gnu-tools-for-stm32.13.3.rel1.win32_1.0.0.202411081344/tools/bin/../lib/gcc/arm-none-eabi/13.3.1/../../../../arm-none-eabi/lib/thumb/v6-m/nofp\libc_nano.a(libc_a-memchr-stub.o)
                0x080081f8                memchr
 .text.abort    0x0800820e        0xe E:/00_programs/STM32CubeIDE_1.18.1/STM32CubeIDE/plugins/com.st.stm32cube.ide.mcu.externaltools.gnu-tools-for-stm32.13.3.rel1.win32_1.0.0.202411081344/tools/bin/../lib/gcc/arm-none-eabi/13.3.1/../../../../arm-none-eabi/lib/thumb/v6-m/nofp\libc_nano.a(libc_a-abort.o)
                0x0800820e                abort
 .text._realloc_r
                0x0800821c       0x60 E:/00_programs/STM32CubeIDE_1.18.1/STM32CubeIDE/plugins/com.st.stm32cube.ide.mcu.externaltools.gnu-tools-for-stm32.13.3.rel1.win32_1.0.0.202411081344/tools/bin/../lib/gcc/arm-none-eabi/13.3.1/../../../../arm-none-eabi/lib/thumb/v6-m/nofp\libc_nano.a(libc_a-reallocr.o)
                0x0800821c                _realloc_r
 .text.__sfputc_r
                0x0800827c       0x2a E:/00_programs/STM32CubeIDE_1.18.1/STM32CubeIDE/plugins/com.st.stm32cube.ide.mcu.externaltools.gnu-tools-for-stm32.13.3.rel1.win32_1.0.0.202411081344/tools/bin/../lib/gcc/arm-none-eabi/13.3.1/../../../../arm-none-eabi/lib/thumb/v6-m/nofp\libc_nano.a(libc_a-nano-vfprintf.o)
 .text.__sfputs_r
                0x080082a6       0x24 E:/00_programs/STM32CubeIDE_1.18.1/STM32CubeIDE/plugins/com.st.stm32cube.ide.mcu.externaltools.gnu-tools-for-stm32.13.3.rel1.win32_1.0.0.202411081344/tools/bin/../lib/gcc/arm-none-eabi/13.3.1/../../../../arm-none-eabi/lib/thumb/v6-m/nofp\libc_nano.a(libc_a-nano-vfprintf.o)
                0x080082a6                __sfputs_r
 *fill*         0x080082ca        0x2 
 .text._vfprintf_r
                0x080082cc      0x238 E:/00_programs/STM32CubeIDE_1.18.1/STM32CubeIDE/plugins/com.st.stm32cube.ide.mcu.externaltools.gnu-tools-for-stm32.13.3.rel1.win32_1.0.0.202411081344/tools/bin/../lib/gcc/arm-none-eabi/13.3.1/../../../../arm-none-eabi/lib/thumb/v6-m/nofp\libc_nano.a(libc_a-nano-vfprintf.o)
                0x080082cc                _vfprintf_r
                0x080082cc                _vfiprintf_r
 .text.__swbuf_r
                0x08008504       0x84 E:/00_programs/STM32CubeIDE_1.18.1/STM32CubeIDE/plugins/com.st.stm32cube.ide.mcu.externaltools.gnu-tools-for-stm32.13.3.rel1.win32_1.0.0.202411081344/tools/bin/../lib/gcc/arm-none-eabi/13.3.1/../../../../arm-none-eabi/lib/thumb/v6-m/nofp\libc_nano.a(libc_a-wbuf.o)
                0x08008504                __swbuf_r
 .text.__swsetup_r
                0x08008588       0xbc E:/00_programs/STM32CubeIDE_1.18.1/STM32CubeIDE/plugins/com.st.stm32cube.ide.mcu.externaltools.gnu-tools-for-stm32.13.3.rel1.win32_1.0.0.202411081344/tools/bin/../lib/gcc/arm-none-eabi/13.3.1/../../../../arm-none-eabi/lib/thumb/v6-m/nofp\libc_nano.a(libc_a-wsetup.o)
                0x08008588                __swsetup_r
 .text._raise_r
                0x08008644       0x52 E:/00_programs/STM32CubeIDE_1.18.1/STM32CubeIDE/plugins/com.st.stm32cube.ide.mcu.externaltools.gnu-tools-for-stm32.13.3.rel1.win32_1.0.0.202411081344/tools/bin/../lib/gcc/arm-none-eabi/13.3.1/../../../../arm-none-eabi/lib/thumb/v6-m/nofp\libc_nano.a(libc_a-signal.o)
                0x08008644                _raise_r
 *fill*         0x08008696        0x2 
 .text.raise    0x08008698       0x14 E:/00_programs/STM32CubeIDE_1.18.1/STM32CubeIDE/plugins/com.st.stm32cube.ide.mcu.externaltools.gnu-tools-for-stm32.13.3.rel1.win32_1.0.0.202411081344/tools/bin/../lib/gcc/arm-none-eabi/13.3.1/../../../../arm-none-eabi/lib/thumb/v6-m/nofp\libc_nano.a(libc_a-signal.o)
                0x08008698                raise
 .text._kill_r  0x080086ac       0x24 E:/00_programs/STM32CubeIDE_1.18.1/STM32CubeIDE/plugins/com.st.stm32cube.ide.mcu.externaltools.gnu-tools-for-stm32.13.3.rel1.win32_1.0.0.202411081344/tools/bin/../lib/gcc/arm-none-eabi/13.3.1/../../../../arm-none-eabi/lib/thumb/v6-m/nofp\libc_nano.a(libc_a-signalr.o)
                0x080086ac                _kill_r
 .text._getpid_r
                0x080086d0        0x8 E:/00_programs/STM32CubeIDE_1.18.1/STM32CubeIDE/plugins/com.st.stm32cube.ide.mcu.externaltools.gnu-tools-for-stm32.13.3.rel1.win32_1.0.0.202411081344/tools/bin/../lib/gcc/arm-none-eabi/13.3.1/../../../../arm-none-eabi/lib/thumb/v6-m/nofp\libc_nano.a(libc_a-signalr.o)
                0x080086d0                _getpid_r
 .text._malloc_usable_size_r
                0x080086d8       0x10 E:/00_programs/STM32CubeIDE_1.18.1/STM32CubeIDE/plugins/com.st.stm32cube.ide.mcu.externaltools.gnu-tools-for-stm32.13.3.rel1.win32_1.0.0.202411081344/tools/bin/../lib/gcc/arm-none-eabi/13.3.1/../../../../arm-none-eabi/lib/thumb/v6-m/nofp\libc_nano.a(libc_a-msizer.o)
                0x080086d8                _malloc_usable_size_r
 .text.__swhatbuf_r
                0x080086e8       0x54 E:/00_programs/STM32CubeIDE_1.18.1/STM32CubeIDE/plugins/com.st.stm32cube.ide.mcu.externaltools.gnu-tools-for-stm32.13.3.rel1.win32_1.0.0.202411081344/tools/bin/../lib/gcc/arm-none-eabi/13.3.1/../../../../arm-none-eabi/lib/thumb/v6-m/nofp\libc_nano.a(libc_a-makebuf.o)
                0x080086e8                __swhatbuf_r
 .text.__smakebuf_r
                0x0800873c       0x82 E:/00_programs/STM32CubeIDE_1.18.1/STM32CubeIDE/plugins/com.st.stm32cube.ide.mcu.externaltools.gnu-tools-for-stm32.13.3.rel1.win32_1.0.0.202411081344/tools/bin/../lib/gcc/arm-none-eabi/13.3.1/../../../../arm-none-eabi/lib/thumb/v6-m/nofp\libc_nano.a(libc_a-makebuf.o)
                0x0800873c                __smakebuf_r
 *fill*         0x080087be        0x2 
 .text._fstat_r
                0x080087c0       0x24 E:/00_programs/STM32CubeIDE_1.18.1/STM32CubeIDE/plugins/com.st.stm32cube.ide.mcu.externaltools.gnu-tools-for-stm32.13.3.rel1.win32_1.0.0.202411081344/tools/bin/../lib/gcc/arm-none-eabi/13.3.1/../../../../arm-none-eabi/lib/thumb/v6-m/nofp\libc_nano.a(libc_a-fstatr.o)
                0x080087c0                _fstat_r
 .text._isatty_r
                0x080087e4       0x24 E:/00_programs/STM32CubeIDE_1.18.1/STM32CubeIDE/plugins/com.st.stm32cube.ide.mcu.externaltools.gnu-tools-for-stm32.13.3.rel1.win32_1.0.0.202411081344/tools/bin/../lib/gcc/arm-none-eabi/13.3.1/../../../../arm-none-eabi/lib/thumb/v6-m/nofp\libc_nano.a(libc_a-isattyr.o)
                0x080087e4                _isatty_r
 *(.glue_7)
 .glue_7        0x08008808        0x0 linker stubs
 *(.glue_7t)
 .glue_7t       0x08008808        0x0 linker stubs
 *(.eh_frame)
 .eh_frame      0x08008808        0x0 E:/00_programs/STM32CubeIDE_1.18.1/STM32CubeIDE/plugins/com.st.stm32cube.ide.mcu.externaltools.gnu-tools-for-stm32.13.3.rel1.win32_1.0.0.202411081344/tools/bin/../lib/gcc/arm-none-eabi/13.3.1/thumb/v6-m/nofp/crtbegin.o
 *(.init)
 .init          0x08008808        0x4 E:/00_programs/STM32CubeIDE_1.18.1/STM32CubeIDE/plugins/com.st.stm32cube.ide.mcu.externaltools.gnu-tools-for-stm32.13.3.rel1.win32_1.0.0.202411081344/tools/bin/../lib/gcc/arm-none-eabi/13.3.1/thumb/v6-m/nofp/crti.o
                0x08008808                _init
 .init          0x0800880c        0x8 E:/00_programs/STM32CubeIDE_1.18.1/STM32CubeIDE/plugins/com.st.stm32cube.ide.mcu.externaltools.gnu-tools-for-stm32.13.3.rel1.win32_1.0.0.202411081344/tools/bin/../lib/gcc/arm-none-eabi/13.3.1/thumb/v6-m/nofp/crtn.o
 *(.fini)
 .fini          0x08008814        0x4 E:/00_programs/STM32CubeIDE_1.18.1/STM32CubeIDE/plugins/com.st.stm32cube.ide.mcu.externaltools.gnu-tools-for-stm32.13.3.rel1.win32_1.0.0.202411081344/tools/bin/../lib/gcc/arm-none-eabi/13.3.1/thumb/v6-m/nofp/crti.o
                0x08008814                _fini
 .fini          0x08008818        0x8 E:/00_programs/STM32CubeIDE_1.18.1/STM32CubeIDE/plugins/com.st.stm32cube.ide.mcu.externaltools.gnu-tools-for-stm32.13.3.rel1.win32_1.0.0.202411081344/tools/bin/../lib/gcc/arm-none-eabi/13.3.1/thumb/v6-m/nofp/crtn.o
                0x08008820                        . = ALIGN (0x4)
                0x08008820                        _etext = .

.vfp11_veneer   0x08008820        0x0
 .vfp11_veneer  0x08008820        0x0 linker stubs

.v4_bx          0x08008820        0x0
 .v4_bx         0x08008820        0x0 linker stubs

.iplt           0x08008820        0x0
 .iplt          0x08008820        0x0 E:/00_programs/STM32CubeIDE_1.18.1/STM32CubeIDE/plugins/com.st.stm32cube.ide.mcu.externaltools.gnu-tools-for-stm32.13.3.rel1.win32_1.0.0.202411081344/tools/bin/../lib/gcc/arm-none-eabi/13.3.1/thumb/v6-m/nofp/crtbegin.o

.rodata         0x08008820      0x3f0
                0x08008820                        . = ALIGN (0x4)
 *(.rodata)
 .rodata        0x08008820       0x50 ./Core/Src/settings.o
 *(.rodata*)
 .rodata.main.str1.1
                0x08008870      0x269 ./Core/Src/main.o
                                  0x9 (size before relaxing)
 *fill*         0x08008ad9        0x1 
 .rodata.speed_steps
                0x08008ada        0x2 ./Core/Src/main.o
                0x08008ada                speed_steps
 .rodata.decodeCommand.str1.1
                0x08008adc        0x2 ./Core/Src/settings.o
 .rodata.serialPrintStatus.str1.1
                0x08008adc       0x3f ./Core/Src/settings.o
 .rodata.serialPrintSettings.str1.1
                0x08008adc       0x67 ./Core/Src/settings.o
 .rodata.modifySettingsWithCommand.str1.1
                0x08008adc       0xa1 ./Core/Src/settings.o
 .rodata.AHBPrescTable
                0x08008adc       0x10 ./Core/Src/system_stm32f0xx.o
                0x08008adc                AHBPrescTable
 .rodata.aPredivFactorTable.0
                0x08008aec       0x10 ./Drivers/STM32F0xx_HAL_Driver/Src/stm32f0xx_hal_rcc.o
 .rodata.aPLLMULFactorTable.1
                0x08008afc       0x10 ./Drivers/STM32F0xx_HAL_Driver/Src/stm32f0xx_hal_rcc.o
 .rodata.USBD_FS_ManufacturerStrDescriptor.str1.1
                0x08008b0c       0x13 ./USB_DEVICE/App/usbd_desc.o
 .rodata.USBD_FS_ProductStrDescriptor.str1.1
                0x08008b0c       0x16 ./USB_DEVICE/App/usbd_desc.o
 .rodata.USBD_FS_ConfigStrDescriptor.str1.1
                0x08008b0c        0xb ./USB_DEVICE/App/usbd_desc.o
 .rodata.USBD_FS_InterfaceStrDescriptor.str1.1
                0x08008b0c        0xe ./USB_DEVICE/App/usbd_desc.o
 .rodata._ctype_
                0x08008b0c      0x101 E:/00_programs/STM32CubeIDE_1.18.1/STM32CubeIDE/plugins/com.st.stm32cube.ide.mcu.externaltools.gnu-tools-for-stm32.13.3.rel1.win32_1.0.0.202411081344/tools/bin/../lib/gcc/arm-none-eabi/13.3.1/../../../../arm-none-eabi/lib/thumb/v6-m/nofp\libc_nano.a(libc_a-ctype_.o)
                0x08008b0c                _ctype_
 .rodata.strtok.str1.1
                0x08008c0d       0x71 E:/00_programs/STM32CubeIDE_1.18.1/STM32CubeIDE/plugins/com.st.stm32cube.ide.mcu.externaltools.gnu-tools-for-stm32.13.3.rel1.win32_1.0.0.202411081344/tools/bin/../lib/gcc/arm-none-eabi/13.3.1/../../../../arm-none-eabi/lib/thumb/v6-m/nofp\libc_nano.a(libc_a-strtok.o)
 .rodata.__assert_func.str1.1
                0x08008c0d       0x3d E:/00_programs/STM32CubeIDE_1.18.1/STM32CubeIDE/plugins/com.st.stm32cube.ide.mcu.externaltools.gnu-tools-for-stm32.13.3.rel1.win32_1.0.0.202411081344/tools/bin/../lib/gcc/arm-none-eabi/13.3.1/../../../../arm-none-eabi/lib/thumb/v6-m/nofp\libc_nano.a(libc_a-assert.o)
 .rodata._svfprintf_r.str1.1
                0x08008c0d       0x11 E:/00_programs/STM32CubeIDE_1.18.1/STM32CubeIDE/plugins/com.st.stm32cube.ide.mcu.externaltools.gnu-tools-for-stm32.13.3.rel1.win32_1.0.0.202411081344/tools/bin/../lib/gcc/arm-none-eabi/13.3.1/../../../../arm-none-eabi/lib/thumb/v6-m/nofp\libc_nano.a(libc_a-nano-svfprintf.o)
 .rodata._printf_i.str1.1
                0x08008c0d       0x22 E:/00_programs/STM32CubeIDE_1.18.1/STM32CubeIDE/plugins/com.st.stm32cube.ide.mcu.externaltools.gnu-tools-for-stm32.13.3.rel1.win32_1.0.0.202411081344/tools/bin/../lib/gcc/arm-none-eabi/13.3.1/../../../../arm-none-eabi/lib/thumb/v6-m/nofp\libc_nano.a(libc_a-nano-vfprintf_i.o)
 .rodata._vfprintf_r.str1.1
                0x08008c0d       0x11 E:/00_programs/STM32CubeIDE_1.18.1/STM32CubeIDE/plugins/com.st.stm32cube.ide.mcu.externaltools.gnu-tools-for-stm32.13.3.rel1.win32_1.0.0.202411081344/tools/bin/../lib/gcc/arm-none-eabi/13.3.1/../../../../arm-none-eabi/lib/thumb/v6-m/nofp\libc_nano.a(libc_a-nano-vfprintf.o)
                0x08008c80                        . = ALIGN (0x4)
 *fill*         0x08008c0d        0x3 

.ARM.extab      0x08008c10        0x0
                0x08008c10                        . = ALIGN (0x4)
 *(.ARM.extab* .gnu.linkonce.armextab.*)
                0x08008c10                        . = ALIGN (0x4)

.ARM            0x08008c10        0x0
                0x08008c10                        . = ALIGN (0x4)
                0x08008c10                        __exidx_start = .
 *(.ARM.exidx*)
                0x08008c10                        __exidx_end = .
                0x08008c10                        . = ALIGN (0x4)

.preinit_array  0x08008c10        0x0
                0x08008c10                        . = ALIGN (0x4)
                0x08008c10                        PROVIDE (__preinit_array_start = .)
 *(.preinit_array*)
                0x08008c10                        PROVIDE (__preinit_array_end = .)
                0x08008c10                        . = ALIGN (0x4)

.init_array     0x08008c10        0x4
                0x08008c10                        . = ALIGN (0x4)
                0x08008c10                        PROVIDE (__init_array_start = .)
 *(SORT_BY_NAME(.init_array.*))
 *(.init_array*)
 .init_array    0x08008c10        0x4 E:/00_programs/STM32CubeIDE_1.18.1/STM32CubeIDE/plugins/com.st.stm32cube.ide.mcu.externaltools.gnu-tools-for-stm32.13.3.rel1.win32_1.0.0.202411081344/tools/bin/../lib/gcc/arm-none-eabi/13.3.1/thumb/v6-m/nofp/crtbegin.o
                0x08008c14                        PROVIDE (__init_array_end = .)
                0x08008c14                        . = ALIGN (0x4)

.fini_array     0x08008c14        0x4
                0x08008c14                        . = ALIGN (0x4)
                [!provide]                        PROVIDE (__fini_array_start = .)
 *(SORT_BY_NAME(.fini_array.*))
 *(.fini_array*)
 .fini_array    0x08008c14        0x4 E:/00_programs/STM32CubeIDE_1.18.1/STM32CubeIDE/plugins/com.st.stm32cube.ide.mcu.externaltools.gnu-tools-for-stm32.13.3.rel1.win32_1.0.0.202411081344/tools/bin/../lib/gcc/arm-none-eabi/13.3.1/thumb/v6-m/nofp/crtbegin.o
                [!provide]                        PROVIDE (__fini_array_end = .)
                0x08008c18                        . = ALIGN (0x4)
                0x08008c18                        _sidata = LOADADDR (.data)

.rel.dyn        0x08008c18        0x0
 .rel.iplt      0x08008c18        0x0 E:/00_programs/STM32CubeIDE_1.18.1/STM32CubeIDE/plugins/com.st.stm32cube.ide.mcu.externaltools.gnu-tools-for-stm32.13.3.rel1.win32_1.0.0.202411081344/tools/bin/../lib/gcc/arm-none-eabi/13.3.1/thumb/v6-m/nofp/crtbegin.o

.data           0x20000000      0x1f4 load address 0x08008c18
                0x20000000                        . = ALIGN (0x4)
                0x20000000                        _sdata = .
 *(.data)
 *(.data*)
 .data.recieverIsPWM
                0x20000000        0x4 ./Core/Src/main.o
                0x20000000                recieverIsPWM
 .data.cutOffVoltage
                0x20000004        0x1 ./Core/Src/main.o
                0x20000004                cutOffVoltage
 .data.limitVoltage
                0x20000005        0x1 ./Core/Src/main.o
                0x20000005                limitVoltage
 .data.noDisarm
                0x20000006        0x1 ./Core/Src/main.o
                0x20000006                noDisarm
 .data.tankMixIsON
                0x20000007        0x1 ./Core/Src/main.o
                0x20000007                tankMixIsON
 .data.mWeapon  0x20000008        0x1 ./Core/Src/main.o
                0x20000008                mWeapon
 .data.mRight   0x20000009        0x1 ./Core/Src/main.o
                0x20000009                mRight
 .data.m2Rev    0x2000000a        0x1 ./Core/Src/main.o
                0x2000000a                m2Rev
 .data.m1Rev    0x2000000b        0x1 ./Core/Src/main.o
                0x2000000b                m1Rev
 .data.armChannel
                0x2000000c        0x1 ./Core/Src/main.o
                0x2000000c                armChannel
 .data.s2Channel
                0x2000000d        0x1 ./Core/Src/main.o
                0x2000000d                s2Channel
 .data.s1Channel
                0x2000000e        0x1 ./Core/Src/main.o
                0x2000000e                s1Channel
 .data.wpChannel
                0x2000000f        0x1 ./Core/Src/main.o
                0x2000000f                wpChannel
 .data.stChannel
                0x20000010        0x1 ./Core/Src/main.o
                0x20000010                stChannel
 .data.thChannel
                0x20000011        0x1 ./Core/Src/main.o
                0x20000011                thChannel
 *fill*         0x20000012        0x2 
 .data.pid_prop_k
                0x20000014        0x4 ./Core/Src/motor.o
                0x20000014                pid_prop_k
 .data.aligned  0x20000018        0x1 ./Core/Src/reciever.o
                0x20000018                aligned
 .data.channelToRead
                0x20000019        0x1 ./Core/Src/reciever.o
                0x20000019                channelToRead
 *fill*         0x2000001a        0x2 
 .data.SystemCoreClock
                0x2000001c        0x4 ./Core/Src/system_stm32f0xx.o
                0x2000001c                SystemCoreClock
 .data.uwTickFreq
                0x20000020        0x1 ./Drivers/STM32F0xx_HAL_Driver/Src/stm32f0xx_hal.o
                0x20000020                uwTickFreq
 *fill*         0x20000021        0x3 
 .data.uwTickPrio
                0x20000024        0x4 ./Drivers/STM32F0xx_HAL_Driver/Src/stm32f0xx_hal.o
                0x20000024                uwTickPrio
 .data.USBD_CDC_OtherSpeedCfgDesc
                0x20000028       0x43 ./Middlewares/ST/STM32_USB_Device_Library/Class/CDC/Src/usbd_cdc.o
                0x20000028                USBD_CDC_OtherSpeedCfgDesc
 *fill*         0x2000006b        0x1 
 .data.USBD_CDC_CfgFSDesc
                0x2000006c       0x43 ./Middlewares/ST/STM32_USB_Device_Library/Class/CDC/Src/usbd_cdc.o
                0x2000006c                USBD_CDC_CfgFSDesc
 *fill*         0x200000af        0x1 
 .data.USBD_CDC_CfgHSDesc
                0x200000b0       0x43 ./Middlewares/ST/STM32_USB_Device_Library/Class/CDC/Src/usbd_cdc.o
                0x200000b0                USBD_CDC_CfgHSDesc
 *fill*         0x200000f3        0x1 
 .data.USBD_CDC
                0x200000f4       0x38 ./Middlewares/ST/STM32_USB_Device_Library/Class/CDC/Src/usbd_cdc.o
                0x200000f4                USBD_CDC
 .data.USBD_CDC_DeviceQualifierDesc
                0x2000012c        0xa ./Middlewares/ST/STM32_USB_Device_Library/Class/CDC/Src/usbd_cdc.o
 *fill*         0x20000136        0x2 
 .data.USBD_Interface_fops_FS
                0x20000138       0x10 ./USB_DEVICE/App/usbd_cdc_if.o
                0x20000138                USBD_Interface_fops_FS
 .data.USBD_StringSerial
                0x20000148       0x1a ./USB_DEVICE/App/usbd_desc.o
                0x20000148                USBD_StringSerial
 *fill*         0x20000162        0x2 
 .data.USBD_LangIDDesc
                0x20000164        0x4 ./USB_DEVICE/App/usbd_desc.o
                0x20000164                USBD_LangIDDesc
 .data.USBD_FS_DeviceDesc
                0x20000168       0x12 ./USB_DEVICE/App/usbd_desc.o
                0x20000168                USBD_FS_DeviceDesc
 *fill*         0x2000017a        0x2 
 .data.FS_Desc  0x2000017c       0x1c ./USB_DEVICE/App/usbd_desc.o
                0x2000017c                FS_Desc
 .data.__sglue  0x20000198        0xc E:/00_programs/STM32CubeIDE_1.18.1/STM32CubeIDE/plugins/com.st.stm32cube.ide.mcu.externaltools.gnu-tools-for-stm32.13.3.rel1.win32_1.0.0.202411081344/tools/bin/../lib/gcc/arm-none-eabi/13.3.1/../../../../arm-none-eabi/lib/thumb/v6-m/nofp\libc_nano.a(libc_a-findfp.o)
                0x20000198                __sglue
 .data._impure_ptr
                0x200001a4        0x4 E:/00_programs/STM32CubeIDE_1.18.1/STM32CubeIDE/plugins/com.st.stm32cube.ide.mcu.externaltools.gnu-tools-for-stm32.13.3.rel1.win32_1.0.0.202411081344/tools/bin/../lib/gcc/arm-none-eabi/13.3.1/../../../../arm-none-eabi/lib/thumb/v6-m/nofp\libc_nano.a(libc_a-impure.o)
                0x200001a4                _impure_ptr
 .data._impure_data
                0x200001a8       0x4c E:/00_programs/STM32CubeIDE_1.18.1/STM32CubeIDE/plugins/com.st.stm32cube.ide.mcu.externaltools.gnu-tools-for-stm32.13.3.rel1.win32_1.0.0.202411081344/tools/bin/../lib/gcc/arm-none-eabi/13.3.1/../../../../arm-none-eabi/lib/thumb/v6-m/nofp\libc_nano.a(libc_a-impure.o)
                0x200001a8                _impure_data
 *(.RamFunc)
 *(.RamFunc*)
                0x200001f4                        . = ALIGN (0x4)
                0x200001f4                        _edata = .

.igot.plt       0x200001f4        0x0 load address 0x08008e0c
 .igot.plt      0x200001f4        0x0 E:/00_programs/STM32CubeIDE_1.18.1/STM32CubeIDE/plugins/com.st.stm32cube.ide.mcu.externaltools.gnu-tools-for-stm32.13.3.rel1.win32_1.0.0.202411081344/tools/bin/../lib/gcc/arm-none-eabi/13.3.1/thumb/v6-m/nofp/crtbegin.o
                0x200001f4                        . = ALIGN (0x4)

.bss            0x200001f4     0x35d8 load address 0x08008e0c
                0x200001f4                        _sbss = .
                0x200001f4                        __bss_start__ = _sbss
 *(.bss)
 .bss           0x200001f4       0x1c E:/00_programs/STM32CubeIDE_1.18.1/STM32CubeIDE/plugins/com.st.stm32cube.ide.mcu.externaltools.gnu-tools-for-stm32.13.3.rel1.win32_1.0.0.202411081344/tools/bin/../lib/gcc/arm-none-eabi/13.3.1/thumb/v6-m/nofp/crtbegin.o
 *(.bss*)
 .bss.pot2Value
                0x20000210        0x2 ./Core/Src/DMAadc.o
                0x20000210                pot2Value
 .bss.pot1Value
                0x20000212        0x2 ./Core/Src/DMAadc.o
                0x20000212                pot1Value
 .bss.battValue
                0x20000214        0x2 ./Core/Src/DMAadc.o
                0x20000214                battValue
 .bss.adcChannels
                0x20000216        0x6 ./Core/Src/DMAadc.o
                0x20000216                adcChannels
 .bss.dataB     0x2000021c      0xfa0 ./Core/Src/DMApwm.o
                0x2000021c                dataB
 .bss.dataA     0x200011bc      0xfa0 ./Core/Src/DMApwm.o
                0x200011bc                dataA
 .bss.recievedString
                0x2000215c       0x14 ./Core/Src/main.o
                0x2000215c                recievedString
 .bss.ccr3      0x20002170        0x2 ./Core/Src/main.o
                0x20002170                ccr3
 .bss.ccr2      0x20002172        0x2 ./Core/Src/main.o
                0x20002172                ccr2
 .bss.ccr1      0x20002174        0x2 ./Core/Src/main.o
                0x20002174                ccr1
 .bss.weaponDoubleDirection
                0x20002176        0x1 ./Core/Src/main.o
                0x20002176                weaponDoubleDirection
 .bss.mLeft     0x20002177        0x1 ./Core/Src/main.o
                0x20002177                mLeft
 .bss.s2Rev     0x20002178        0x1 ./Core/Src/main.o
                0x20002178                s2Rev
 .bss.s1Rev     0x20002179        0x1 ./Core/Src/main.o
                0x20002179                s1Rev
 .bss.m3Rev     0x2000217a        0x1 ./Core/Src/main.o
                0x2000217a                m3Rev
 .bss.armed     0x2000217b        0x1 ./Core/Src/main.o
                0x2000217b                armed
 .bss.batteryConfiguration
                0x2000217c        0x1 ./Core/Src/main.o
                0x2000217c                batteryConfiguration
 .bss.limit     0x2000217d        0x1 ./Core/Src/main.o
                0x2000217d                limit
 .bss.cutoff    0x2000217e        0x1 ./Core/Src/main.o
                0x2000217e                cutoff
 *fill*         0x2000217f        0x1 
 .bss.batteryVoltage
                0x20002180        0x2 ./Core/Src/main.o
                0x20002180                batteryVoltage
 .bss.commandRecieved
                0x20002182        0x1 ./Core/Src/main.o
                0x20002182                commandRecieved
 *fill*         0x20002183        0x1 
 .bss.tank      0x20002184        0x4 ./Core/Src/main.o
                0x20002184                tank
 .bss.hdma_tim3_ch4_up
                0x20002188       0x44 ./Core/Src/main.o
                0x20002188                hdma_tim3_ch4_up
 .bss.hdma_tim1_ch3_up
                0x200021cc       0x44 ./Core/Src/main.o
                0x200021cc                hdma_tim1_ch3_up
 .bss.htim17    0x20002210       0x48 ./Core/Src/main.o
                0x20002210                htim17
 .bss.htim16    0x20002258       0x48 ./Core/Src/main.o
                0x20002258                htim16
 .bss.htim6     0x200022a0       0x48 ./Core/Src/main.o
                0x200022a0                htim6
 .bss.htim3     0x200022e8       0x48 ./Core/Src/main.o
                0x200022e8                htim3
 .bss.htim1     0x20002330       0x48 ./Core/Src/main.o
                0x20002330                htim1
 .bss.hi2c1     0x20002378       0x54 ./Core/Src/main.o
                0x20002378                hi2c1
 .bss.hdma_adc  0x200023cc       0x44 ./Core/Src/main.o
                0x200023cc                hdma_adc
 .bss.hadc      0x20002410       0x40 ./Core/Src/main.o
                0x20002410                hadc
 .bss.pid_integ_k
                0x20002450        0x4 ./Core/Src/motor.o
                0x20002450                pid_integ_k
 .bss.pid_deriv_k
                0x20002454        0x4 ./Core/Src/motor.o
                0x20002454                pid_deriv_k
 .bss.pid_integral
                0x20002458        0x4 ./Core/Src/motor.o
                0x20002458                pid_integral
 .bss.prev_error
                0x2000245c        0x4 ./Core/Src/motor.o
                0x2000245c                prev_error
 .bss.reciever_channels
                0x20002460       0x12 ./Core/Src/reciever.o
                0x20002460                reciever_channels
 .bss.usWidth   0x20002472        0x2 ./Core/Src/reciever.o
                0x20002472                usWidth