../Core/Src/motor.c:34:6:initMotors	8	static
../Core/Src/motor.c:44:9:getMotorRev	0	static
../Core/Src/motor.c:149:6:setDriverSignals	8	static
../Core/Src/motor.c:217:6:setDriverBrake	8	static
../Core/Src/motor.c:94:6:motSeekPot	80	static
../Core/Src/motor.c:255:9:calculateSpeedWithDeadZoneSingle	8	static
../Core/Src/motor.c:81:6:setMotorSpeedUnidirectional	24	static
../Core/Src/motor.c:270:9:calculateSpeedWithDeadZoneDouble	0	static
../Core/Src/motor.c:60:6:setMotorSpeedBidirectional	24	static
../Core/Src/motor.c:38:6:setTankMotor	16	static
../Core/Src/motor.c:326:6:disableMotor	8	static
../Core/Src/motor.c:340:6:enableMotor	8	static
../Core/Src/motor.c:284:6:makeSound	24	static
