../Core/Src/motor.c:34:6:initMotors	8	static
../Core/Src/motor.c:44:9:getMotorRev	0	static
../Core/Src/motor.c:147:6:setDriverSignals	8	static
../Core/Src/motor.c:215:6:setDriverBrake	8	static
../Core/Src/motor.c:94:6:motSeekPot	48	static
../Core/Src/motor.c:253:9:calculateSpeedWithDeadZoneSingle	8	static
../Core/Src/motor.c:81:6:setMotorSpeedUnidirectional	24	static
../Core/Src/motor.c:268:9:calculateSpeedWithDeadZoneDouble	0	static
../Core/Src/motor.c:60:6:setMotorSpeedBidirectional	24	static
../Core/Src/motor.c:38:6:setTankMotor	16	static
../Core/Src/motor.c:324:6:disableMotor	8	static
../Core/Src/motor.c:338:6:enableMotor	8	static
../Core/Src/motor.c:282:6:makeSound	24	static
