../Core/Src/stm32f0xx_hal_msp.c:70:6:HAL_MspInit	8	static
../Core/Src/stm32f0xx_hal_msp.c:93:6:HAL_ADC_MspInit	48	static
../Core/Src/stm32f0xx_hal_msp.c:146:6:HAL_ADC_MspDeInit	8	static
../Core/Src/stm32f0xx_hal_msp.c:178:6:HAL_I2C_MspInit	40	static
../Core/Src/stm32f0xx_hal_msp.c:215:6:HAL_I2C_MspDeInit	8	static
../Core/Src/stm32f0xx_hal_msp.c:246:6:HAL_TIM_Base_MspInit	40	static
../Core/Src/stm32f0xx_hal_msp.c:348:6:HAL_TIM_MspPostInit	40	static
../Core/Src/stm32f0xx_hal_msp.c:400:6:HAL_TIM_Base_MspDeInit	8	static
